Archive member included to satisfy reference by file (symbol)

C:/Users/AshwinKashyap/AppData/Local/stm32cube/bundles/gnu-tools-for-stm32/13.3.1+st.9/bin/../lib/gcc/arm-none-eabi/13.3.1/thumb/v6-m/nofp\libgcc.a(_udivsi3.o)
                              cmake/stm32cubemx/CMakeFiles/STM32_Drivers.dir/__/__/Core/Src/system_stm32l0xx.c.obj (__aeabi_uidiv)
C:/Users/AshwinKashyap/AppData/Local/stm32cube/bundles/gnu-tools-for-stm32/13.3.1+st.9/bin/../lib/gcc/arm-none-eabi/13.3.1/thumb/v6-m/nofp\libgcc.a(_divsi3.o)
                              CMakeFiles/EFuse_Lo_alt.dir/Core/Src/adc_event.c.obj (__aeabi_idiv)
C:/Users/AshwinKashyap/AppData/Local/stm32cube/bundles/gnu-tools-for-stm32/13.3.1+st.9/bin/../lib/gcc/arm-none-eabi/13.3.1/thumb/v6-m/nofp\libgcc.a(_dvmd_tls.o)
                              C:/Users/AshwinKashyap/AppData/Local/stm32cube/bundles/gnu-tools-for-stm32/13.3.1+st.9/bin/../lib/gcc/arm-none-eabi/13.3.1/thumb/v6-m/nofp\libgcc.a(_udivsi3.o) (__aeabi_idiv0)
C:/Users/AshwinKashyap/AppData/Local/stm32cube/bundles/gnu-tools-for-stm32/13.3.1+st.9/bin/../lib/gcc/arm-none-eabi/13.3.1/thumb/v6-m/nofp\libgcc.a(_aeabi_uldivmod.o)
                              cmake/stm32cubemx/CMakeFiles/STM32_Drivers.dir/__/__/Drivers/STM32L0xx_HAL_Driver/Src/stm32l0xx_hal_uart.c.obj (__aeabi_uldivmod)
C:/Users/AshwinKashyap/AppData/Local/stm32cube/bundles/gnu-tools-for-stm32/13.3.1+st.9/bin/../lib/gcc/arm-none-eabi/13.3.1/thumb/v6-m/nofp\libgcc.a(_fixunssfsi.o)
                              CMakeFiles/EFuse_Lo_alt.dir/Core/Src/scheduler.c.obj (__aeabi_f2uiz)
C:/Users/AshwinKashyap/AppData/Local/stm32cube/bundles/gnu-tools-for-stm32/13.3.1+st.9/bin/../lib/gcc/arm-none-eabi/13.3.1/thumb/v6-m/nofp\libgcc.a(_udivmoddi4.o)
                              C:/Users/AshwinKashyap/AppData/Local/stm32cube/bundles/gnu-tools-for-stm32/13.3.1+st.9/bin/../lib/gcc/arm-none-eabi/13.3.1/thumb/v6-m/nofp\libgcc.a(_aeabi_uldivmod.o) (__udivmoddi4)
C:/Users/AshwinKashyap/AppData/Local/stm32cube/bundles/gnu-tools-for-stm32/13.3.1+st.9/bin/../lib/gcc/arm-none-eabi/13.3.1/thumb/v6-m/nofp\libgcc.a(subsf3.o)
                              C:/Users/AshwinKashyap/AppData/Local/stm32cube/bundles/gnu-tools-for-stm32/13.3.1+st.9/bin/../lib/gcc/arm-none-eabi/13.3.1/thumb/v6-m/nofp\libgcc.a(_fixunssfsi.o) (__aeabi_fsub)
C:/Users/AshwinKashyap/AppData/Local/stm32cube/bundles/gnu-tools-for-stm32/13.3.1+st.9/bin/../lib/gcc/arm-none-eabi/13.3.1/thumb/v6-m/nofp\libgcc.a(fixsfsi.o)
                              CMakeFiles/EFuse_Lo_alt.dir/Core/Src/adc_event.c.obj (__aeabi_f2iz)
C:/Users/AshwinKashyap/AppData/Local/stm32cube/bundles/gnu-tools-for-stm32/13.3.1+st.9/bin/../lib/gcc/arm-none-eabi/13.3.1/thumb/v6-m/nofp\libgcc.a(floatsisf.o)
                              CMakeFiles/EFuse_Lo_alt.dir/Core/Src/adc_event.c.obj (__aeabi_i2f)
C:/Users/AshwinKashyap/AppData/Local/stm32cube/bundles/gnu-tools-for-stm32/13.3.1+st.9/bin/../lib/gcc/arm-none-eabi/13.3.1/thumb/v6-m/nofp\libgcc.a(floatunsisf.o)
                              CMakeFiles/EFuse_Lo_alt.dir/Core/Src/adc_event.c.obj (__aeabi_ui2f)
C:/Users/AshwinKashyap/AppData/Local/stm32cube/bundles/gnu-tools-for-stm32/13.3.1+st.9/bin/../lib/gcc/arm-none-eabi/13.3.1/thumb/v6-m/nofp\libgcc.a(_arm_cmpsf2.o)
                              C:/Users/AshwinKashyap/AppData/Local/stm32cube/bundles/gnu-tools-for-stm32/13.3.1+st.9/bin/../lib/gcc/arm-none-eabi/13.3.1/thumb/v6-m/nofp\libgcc.a(_fixunssfsi.o) (__aeabi_fcmpge)
C:/Users/AshwinKashyap/AppData/Local/stm32cube/bundles/gnu-tools-for-stm32/13.3.1+st.9/bin/../lib/gcc/arm-none-eabi/13.3.1/thumb/v6-m/nofp\libgcc.a(_clzsi2.o)
                              C:/Users/AshwinKashyap/AppData/Local/stm32cube/bundles/gnu-tools-for-stm32/13.3.1+st.9/bin/../lib/gcc/arm-none-eabi/13.3.1/thumb/v6-m/nofp\libgcc.a(subsf3.o) (__clzsi2)
C:/Users/AshwinKashyap/AppData/Local/stm32cube/bundles/gnu-tools-for-stm32/13.3.1+st.9/bin/../lib/gcc/arm-none-eabi/13.3.1/thumb/v6-m/nofp\libgcc.a(_clzdi2.o)
                              C:/Users/AshwinKashyap/AppData/Local/stm32cube/bundles/gnu-tools-for-stm32/13.3.1+st.9/bin/../lib/gcc/arm-none-eabi/13.3.1/thumb/v6-m/nofp\libgcc.a(_udivmoddi4.o) (__clzdi2)
C:/Users/AshwinKashyap/AppData/Local/stm32cube/bundles/gnu-tools-for-stm32/13.3.1+st.9/bin/../lib/gcc/arm-none-eabi/13.3.1/thumb/v6-m/nofp\libgcc.a(eqsf2.o)
                              C:/Users/AshwinKashyap/AppData/Local/stm32cube/bundles/gnu-tools-for-stm32/13.3.1+st.9/bin/../lib/gcc/arm-none-eabi/13.3.1/thumb/v6-m/nofp\libgcc.a(_arm_cmpsf2.o) (__eqsf2)
C:/Users/AshwinKashyap/AppData/Local/stm32cube/bundles/gnu-tools-for-stm32/13.3.1+st.9/bin/../lib/gcc/arm-none-eabi/13.3.1/thumb/v6-m/nofp\libgcc.a(gesf2.o)
                              C:/Users/AshwinKashyap/AppData/Local/stm32cube/bundles/gnu-tools-for-stm32/13.3.1+st.9/bin/../lib/gcc/arm-none-eabi/13.3.1/thumb/v6-m/nofp\libgcc.a(_arm_cmpsf2.o) (__gesf2)
[...]
Memory Configuration

Name             Origin             Length             Attributes
RAM              0x20000000         0x00005000         xrw
FLASH            0x08000000         0x00030000         xr
*default*        0x00000000         0xffffffff

Linker script and memory map

LOAD C:/Users/AshwinKashyap/AppData/Local/stm32cube/bundles/gnu-tools-for-stm32/13.3.1+st.9/bin/../lib/gcc/arm-none-eabi/13.3.1/thumb/v6-m/nofp/crti.o
LOAD C:/Users/AshwinKashyap/AppData/Local/stm32cube/bundles/gnu-tools-for-stm32/13.3.1+st.9/bin/../lib/gcc/arm-none-eabi/13.3.1/thumb/v6-m/nofp/crtbegin.o
LOAD C:/Users/AshwinKashyap/AppData/Local/stm32cube/bundles/gnu-tools-for-stm32/13.3.1+st.9/bin/../lib/gcc/arm-none-eabi/13.3.1/../../../../arm-none-eabi/lib/thumb/v6-m/nofp/crt0.o
LOAD cmake/stm32cubemx/CMakeFiles/STM32_Drivers.dir/__/__/Core/Src/system_stm32l0xx.c.obj
LOAD cmake/stm32cubemx/CMakeFiles/STM32_Drivers.dir/__/__/Drivers/STM32L0xx_HAL_Driver/Src/stm32l0xx_hal_adc.c.obj
LOAD cmake/stm32cubemx/CMakeFiles/STM32_Drivers.dir/__/__/Drivers/STM32L0xx_HAL_Driver/Src/stm32l0xx_hal_adc_ex.c.obj
LOAD cmake/stm32cubemx/CMakeFiles/STM32_Drivers.dir/__/__/Drivers/STM32L0xx_HAL_Driver/Src/stm32l0xx_hal.c.obj
LOAD cmake/stm32cubemx/CMakeFiles/STM32_Drivers.dir/__/__/Drivers/STM32L0xx_HAL_Driver/Src/stm32l0xx_hal_i2c.c.obj
LOAD cmake/stm32cubemx/CMakeFiles/STM32_Drivers.dir/__/__/Drivers/STM32L0xx_HAL_Driver/Src/stm32l0xx_hal_i2c_ex.c.obj
LOAD cmake/stm32cubemx/CMakeFiles/STM32_Drivers.dir/__/__/Drivers/STM32L0xx_HAL_Driver/Src/stm32l0xx_hal_rcc.c.obj
LOAD cmake/stm32cubemx/CMakeFiles/STM32_Drivers.dir/__/__/Drivers/STM32L0xx_HAL_Driver/Src/stm32l0xx_hal_rcc_ex.c.obj
LOAD cmake/stm32cubemx/CMakeFiles/STM32_Drivers.dir/__/__/Drivers/STM32L0xx_HAL_Driver/Src/stm32l0xx_hal_flash_ramfunc.c.obj
LOAD cmake/stm32cubemx/CMakeFiles/STM32_Drivers.dir/__/__/Drivers/STM32L0xx_HAL_Driver/Src/stm32l0xx_hal_flash.c.obj
LOAD cmake/stm32cubemx/CMakeFiles/STM32_Drivers.dir/__/__/Drivers/STM32L0xx_HAL_Driver/Src/stm32l0xx_hal_flash_ex.c.obj
LOAD cmake/stm32cubemx/CMakeFiles/STM32_Drivers.dir/__/__/Drivers/STM32L0xx_HAL_Driver/Src/stm32l0xx_hal_gpio.c.obj
LOAD cmake/stm32cubemx/CMakeFiles/STM32_Drivers.dir/__/__/Drivers/STM32L0xx_HAL_Driver/Src/stm32l0xx_hal_dma.c.obj
LOAD cmake/stm32cubemx/CMakeFiles/STM32_Drivers.dir/__/__/Drivers/STM32L0xx_HAL_Driver/Src/stm32l0xx_hal_pwr.c.obj
LOAD cmake/stm32cubemx/CMakeFiles/STM32_Drivers.dir/__/__/Drivers/STM32L0xx_HAL_Driver/Src/stm32l0xx_hal_pwr_ex.c.obj
LOAD cmake/stm32cubemx/CMakeFiles/STM32_Drivers.dir/__/__/Drivers/STM32L0xx_HAL_Driver/Src/stm32l0xx_hal_cortex.c.obj
LOAD cmake/stm32cubemx/CMakeFiles/STM32_Drivers.dir/__/__/Drivers/STM32L0xx_HAL_Driver/Src/stm32l0xx_hal_exti.c.obj
LOAD cmake/stm32cubemx/CMakeFiles/STM32_Drivers.dir/__/__/Drivers/STM32L0xx_HAL_Driver/Src/stm32l0xx_hal_dac.c.obj
LOAD cmake/stm32cubemx/CMakeFiles/STM32_Drivers.dir/__/__/Drivers/STM32L0xx_HAL_Driver/Src/stm32l0xx_hal_dac_ex.c.obj
LOAD cmake/stm32cubemx/CMakeFiles/STM32_Drivers.dir/__/__/Drivers/STM32L0xx_HAL_Driver/Src/stm32l0xx_hal_tim.c.obj
LOAD cmake/stm32cubemx/CMakeFiles/STM32_Drivers.dir/__/__/Drivers/STM32L0xx_HAL_Driver/Src/stm32l0xx_hal_tim_ex.c.obj
LOAD cmake/stm32cubemx/CMakeFiles/STM32_Drivers.dir/__/__/Drivers/STM32L0xx_HAL_Driver/Src/stm32l0xx_hal_uart.c.obj
LOAD cmake/stm32cubemx/CMakeFiles/STM32_Drivers.dir/__/__/Drivers/STM32L0xx_HAL_Driver/Src/stm32l0xx_hal_uart_ex.c.obj
LOAD CMakeFiles/EFuse_Lo_alt.dir/Core/Src/main.c.obj
LOAD CMakeFiles/EFuse_Lo_alt.dir/Core/Src/stm32l0xx_it.c.obj
LOAD CMakeFiles/EFuse_Lo_alt.dir/Core/Src/stm32l0xx_hal_msp.c.obj
LOAD CMakeFiles/EFuse_Lo_alt.dir/Core/Src/sysmem.c.obj
LOAD CMakeFiles/EFuse_Lo_alt.dir/Core/Src/syscalls.c.obj
LOAD CMakeFiles/EFuse_Lo_alt.dir/startup_stm32l073xx.s.obj
LOAD CMakeFiles/EFuse_Lo_alt.dir/Core/Src/adc_event.c.obj
LOAD CMakeFiles/EFuse_Lo_alt.dir/Core/Src/comm.c.obj
LOAD CMakeFiles/EFuse_Lo_alt.dir/Core/Src/dac_event.c.obj
LOAD CMakeFiles/EFuse_Lo_alt.dir/Core/Src/debouncing.c.obj
LOAD CMakeFiles/EFuse_Lo_alt.dir/Core/Src/eeprom.c.obj
LOAD CMakeFiles/EFuse_Lo_alt.dir/Core/Src/efuse_protection.c.obj
LOAD CMakeFiles/EFuse_Lo_alt.dir/Core/Src/scheduler.c.obj
LOAD CMakeFiles/EFuse_Lo_alt.dir/Core/Src/state_machine.c.obj
LOAD C:/Users/AshwinKashyap/AppData/Local/stm32cube/bundles/gnu-tools-for-stm32/13.3.1+st.9/bin/../lib/gcc/arm-none-eabi/13.3.1/../../../../arm-none-eabi/lib/thumb/v6-m/nofp\libm.a
START GROUP
LOAD C:/Users/AshwinKashyap/AppData/Local/stm32cube/bundles/gnu-tools-for-stm32/13.3.1+st.9/bin/../lib/gcc/arm-none-eabi/13.3.1/thumb/v6-m/nofp\libgcc.a
LOAD C:/Users/AshwinKashyap/AppData/Local/stm32cube/bundles/gnu-tools-for-stm32/13.3.1+st.9/bin/../lib/gcc/arm-none-eabi/13.3.1/../../../../arm-none-eabi/lib/thumb/v6-m/nofp\libg_nano.a
LOAD C:/Users/AshwinKashyap/AppData/Local/stm32cube/bundles/gnu-tools-for-stm32/13.3.1+st.9/bin/../lib/gcc/arm-none-eabi/13.3.1/../../../../arm-none-eabi/lib/thumb/v6-m/nofp\libc_nano.a
END GROUP
START GROUP
LOAD C:/Users/AshwinKashyap/AppData/Local/stm32cube/bundles/gnu-tools-for-stm32/13.3.1+st.9/bin/../lib/gcc/arm-none-eabi/13.3.1/thumb/v6-m/nofp\libgcc.a
LOAD C:/Users/AshwinKashyap/AppData/Local/stm32cube/bundles/gnu-tools-for-stm32/13.3.1+st.9/bin/../lib/gcc/arm-none-eabi/13.3.1/../../../../arm-none-eabi/lib/thumb/v6-m/nofp\libc_nano.a
END GROUP
LOAD C:/Users/AshwinKashyap/AppData/Local/stm32cube/bundles/gnu-tools-for-stm32/13.3.1+st.9/bin/../lib/gcc/arm-none-eabi/13.3.1/thumb/v6-m/nofp/crtend.o
LOAD C:/Users/AshwinKashyap/AppData/Local/stm32cube/bundles/gnu-tools-for-stm32/13.3.1+st.9/bin/../lib/gcc/arm-none-eabi/13.3.1/thumb/v6-m/nofp/crtn.o
                0x20005000                        _estack = (ORIGIN (RAM) + LENGTH (RAM))
                0x00000200                        _Min_Heap_Size = 0x200
                0x00000400                        _Min_Stack_Size = 0x400

.isr_vector     0x08000000       0xc0
                0x08000000                        . = ALIGN (0x4)
 *(.isr_vector)
 .isr_vector    0x08000000       0xc0 CMakeFiles/EFuse_Lo_alt.dir/startup_stm32l073xx.s.obj
                0x08000000                g_pfnVectors
                0x080000c0                        . = ALIGN (0x4)

.text           0x080000c0     0xa24c
                0x080000c0                        . = ALIGN (0x4)
 *(.text)
 .text          0x080000c0       0x48 C:/Users/AshwinKashyap/AppData/Local/stm32cube/bundles/gnu-tools-for-stm32/13.3.1+st.9/bin/../lib/gcc/arm-none-eabi/13.3.1/thumb/v6-m/nofp/crtbegin.o
 .text          0x08000108      0x114 C:/Users/AshwinKashyap/AppData/Local/stm32cube/bundles/gnu-tools-for-stm32/13.3.1+st.9/bin/../lib/gcc/arm-none-eabi/13.3.1/thumb/v6-m/nofp\libgcc.a(_udivsi3.o)
                0x08000108                __aeabi_uidiv
                0x08000108                __udivsi3
                0x08000214                __aeabi_uidivmod
 .text          0x0800021c      0x1d4 C:/Users/AshwinKashyap/AppData/Local/stm32cube/bundles/gnu-tools-for-stm32/13.3.1+st.9/bin/../lib/gcc/arm-none-eabi/13.3.1/thumb/v6-m/nofp\libgcc.a(_divsi3.o)
                0x0800021c                __divsi3
                0x0800021c                __aeabi_idiv
                0x080003e8                __aeabi_idivmod
 .text          0x080003f0        0x4 C:/Users/AshwinKashyap/AppData/Local/stm32cube/bundles/gnu-tools-for-stm32/13.3.1+st.9/bin/../lib/gcc/arm-none-eabi/13.3.1/thumb/v6-m/nofp\libgcc.a(_dvmd_tls.o)
                0x080003f0                __aeabi_idiv0
                0x080003f0                __aeabi_ldiv0
 .text          0x080003f4       0x40 C:/Users/AshwinKashyap/AppData/Local/stm32cube/bundles/gnu-tools-for-stm32/13.3.1+st.9/bin/../lib/gcc/arm-none-eabi/13.3.1/thumb/v6-m/nofp\libgcc.a(_aeabi_uldivmod.o)
                0x080003f4                __aeabi_uldivmod
 .text          0x08000434       0x30 C:/Users/AshwinKashyap/AppData/Local/stm32cube/bundles/gnu-tools-for-stm32/13.3.1+st.9/bin/../lib/gcc/arm-none-eabi/13.3.1/thumb/v6-m/nofp\libgcc.a(_fixunssfsi.o)
                0x08000434                __fixunssfsi
                0x08000434                __aeabi_f2uiz
 .text          0x08000464      0x198 C:/Users/AshwinKashyap/AppData/Local/stm32cube/bundles/gnu-tools-for-stm32/13.3.1+st.9/bin/../lib/gcc/arm-none-eabi/13.3.1/thumb/v6-m/nofp\libgcc.a(_udivmoddi4.o)
                0x08000464                __udivmoddi4
 .text          0x080005fc      0x4c8 C:/Users/AshwinKashyap/AppData/Local/stm32cube/bundles/gnu-tools-for-stm32/13.3.1+st.9/bin/../lib/gcc/arm-none-eabi/13.3.1/thumb/v6-m/nofp\libgcc.a(subsf3.o)
                0x080005fc                __aeabi_fsub
 .text          0x08000ac4       0x40 C:/Users/AshwinKashyap/AppData/Local/stm32cube/bundles/gnu-tools-for-stm32/13.3.1+st.9/bin/../lib/gcc/arm-none-eabi/13.3.1/thumb/v6-m/nofp\libgcc.a(fixsfsi.o)
                0x08000ac4                __aeabi_f2iz
 .text          0x08000b04       0xa0 C:/Users/AshwinKashyap/AppData/Local/stm32cube/bundles/gnu-tools-for-stm32/13.3.1+st.9/bin/../lib/gcc/arm-none-eabi/13.3.1/thumb/v6-m/nofp\libgcc.a(floatsisf.o)
                0x08000b04                __aeabi_i2f
 .text          0x08000ba4       0x8c C:/Users/AshwinKashyap/AppData/Local/stm32cube/bundles/gnu-tools-for-stm32/13.3.1+st.9/bin/../lib/gcc/arm-none-eabi/13.3.1/thumb/v6-m/nofp\libgcc.a(floatunsisf.o)
                0x08000ba4                __aeabi_ui2f
 .text          0x08000c30       0x74 C:/Users/AshwinKashyap/AppData/Local/stm32cube/bundles/gnu-tools-for-stm32/13.3.1+st.9/bin/../lib/gcc/arm-none-eabi/13.3.1/thumb/v6-m/nofp\libgcc.a(_arm_cmpsf2.o)
                0x08000c30                __aeabi_cfrcmple
                0x08000c38                __aeabi_cfcmpeq
                0x08000c38                __aeabi_cfcmple
                0x08000c48                __aeabi_fcmpeq
                0x08000c54                __aeabi_fcmplt
                0x08000c68                __aeabi_fcmple
                0x08000c7c                __aeabi_fcmpgt
                0x08000c90                __aeabi_fcmpge
 .text          0x08000ca4       0x3c C:/Users/AshwinKashyap/AppData/Local/stm32cube/bundles/gnu-tools-for-stm32/13.3.1+st.9/bin/../lib/gcc/arm-none-eabi/13.3.1/thumb/v6-m/nofp\libgcc.a(_clzsi2.o)
                0x08000ca4                __clzsi2
 .text          0x08000ce0       0x18 C:/Users/AshwinKashyap/AppData/Local/stm32cube/bundles/gnu-tools-for-stm32/13.3.1+st.9/bin/../lib/gcc/arm-none-eabi/13.3.1/thumb/v6-m/nofp\libgcc.a(_clzdi2.o)
                0x08000ce0                __clzdi2
 .text          0x08000cf8       0x50 C:/Users/AshwinKashyap/AppData/Local/stm32cube/bundles/gnu-tools-for-stm32/13.3.1+st.9/bin/../lib/gcc/arm-none-eabi/13.3.1/thumb/v6-m/nofp\libgcc.a(eqsf2.o)
                0x08000cf8                __eqsf2
                0x08000cf8                __nesf2
 .text          0x08000d48       0x90 C:/Users/AshwinKashyap/AppData/Local/stm32cube/bundles/gnu-tools-for-stm32/13.3.1+st.9/bin/../lib/gcc/arm-none-eabi/13.3.1/thumb/v6-m/nofp\libgcc.a(gesf2.o)
                0x08000d48                __gesf2
                0x08000d48                __gtsf2
 .text          0x08000dd8       0x90 C:/Users/AshwinKashyap/AppData/Local/stm32cube/bundles/gnu-tools-for-stm32/13.3.1+st.9/bin/../lib/gcc/arm-none-eabi/13.3.1/thumb/v6-m/nofp\libgcc.a(lesf2.o)
                0x08000dd8                __ltsf2
                0x08000dd8                __lesf2
 .text          0x08000e68        0xe C:/Users/AshwinKashyap/AppData/Local/stm32cube/bundles/gnu-tools-for-stm32/13.3.1+st.9/bin/../lib/gcc/arm-none-eabi/13.3.1/../../../../arm-none-eabi/lib/thumb/v6-m/nofp\libg_nano.a(libc_a-strlen.o)
                0x08000e68                strlen
 *fill*         0x08000e76        0x2 
 .text          0x08000e78       0x14 C:/Users/AshwinKashyap/AppData/Local/stm32cube/bundles/gnu-tools-for-stm32/13.3.1+st.9/bin/../lib/gcc/arm-none-eabi/13.3.1/thumb/v6-m/nofp\libgcc.a(_thumb1_case_shi.o)
                0x08000e78                __gnu_thumb1_case_shi
 *(.text*)
 .text.SystemInit
                0x08000e8c        0xa cmake/stm32cubemx/CMakeFiles/STM32_Drivers.dir/__/__/Core/Src/system_stm32l0xx.c.obj
                0x08000e8c                SystemInit
 *fill*         0x08000e96        0x2 
 .text.SystemCoreClockUpdate
                0x08000e98      0x170 cmake/stm32cubemx/CMakeFiles/STM32_Drivers.dir/__/__/Core/Src/system_stm32l0xx.c.obj
                0x08000e98                SystemCoreClockUpdate
 .text.HAL_ADC_Init
                0x08001008      0x2e8 cmake/stm32cubemx/CMakeFiles/STM32_Drivers.dir/__/__/Drivers/STM32L0xx_HAL_Driver/Src/stm32l0xx_hal_adc.c.obj
                0x08001008                HAL_ADC_Init
 .text.HAL_ADC_Start
                0x080012f0       0xa8 cmake/stm32cubemx/CMakeFiles/STM32_Drivers.dir/__/__/Drivers/STM32L0xx_HAL_Driver/Src/stm32l0xx_hal_adc.c.obj
                0x080012f0                HAL_ADC_Start
 .text.HAL_ADC_Stop
                0x08001398       0x80 cmake/stm32cubemx/CMakeFiles/STM32_Drivers.dir/__/__/Drivers/STM32L0xx_HAL_Driver/Src/stm32l0xx_hal_adc.c.obj
                0x08001398                HAL_ADC_Stop
 .text.HAL_ADC_PollForConversion
                0x08001418      0x138 cmake/stm32cubemx/CMakeFiles/STM32_Drivers.dir/__/__/Drivers/STM32L0xx_HAL_Driver/Src/stm32l0xx_hal_adc.c.obj
                0x08001418                HAL_ADC_PollForConversion
 .text.HAL_ADC_GetValue
                0x08001550       0x16 cmake/stm32cubemx/CMakeFiles/STM32_Drivers.dir/__/__/Drivers/STM32L0xx_HAL_Driver/Src/stm32l0xx_hal_adc.c.obj
                0x08001550                HAL_ADC_GetValue
 *fill*         0x08001566        0x2 
 .text.HAL_ADC_ConfigChannel
                0x08001568      0x140 cmake/stm32cubemx/CMakeFiles/STM32_Drivers.dir/__/__/Drivers/STM32L0xx_HAL_Driver/Src/stm32l0xx_hal_adc.c.obj
                0x08001568                HAL_ADC_ConfigChannel
 .text.ADC_Enable
                0x080016a8       0xd0 cmake/stm32cubemx/CMakeFiles/STM32_Drivers.dir/__/__/Drivers/STM32L0xx_HAL_Driver/Src/stm32l0xx_hal_adc.c.obj
 .text.ADC_Disable
                0x08001778       0xce cmake/stm32cubemx/CMakeFiles/STM32_Drivers.dir/__/__/Drivers/STM32L0xx_HAL_Driver/Src/stm32l0xx_hal_adc.c.obj
 .text.ADC_ConversionStop
                0x08001846       0x98 cmake/stm32cubemx/CMakeFiles/STM32_Drivers.dir/__/__/Drivers/STM32L0xx_HAL_Driver/Src/stm32l0xx_hal_adc.c.obj
 *fill*         0x080018de        0x2 
 .text.ADC_DelayMicroSecond
                0x080018e0       0x40 cmake/stm32cubemx/CMakeFiles/STM32_Drivers.dir/__/__/Drivers/STM32L0xx_HAL_Driver/Src/stm32l0xx_hal_adc.c.obj
 .text.HAL_ADCEx_Calibration_Start
                0x08001920      0x13c cmake/stm32cubemx/CMakeFiles/STM32_Drivers.dir/__/__/Drivers/STM32L0xx_HAL_Driver/Src/stm32l0xx_hal_adc_ex.c.obj
                0x08001920                HAL_ADCEx_Calibration_Start
 .text.HAL_Init
                0x08001a5c       0x40 cmake/stm32cubemx/CMakeFiles/STM32_Drivers.dir/__/__/Drivers/STM32L0xx_HAL_Driver/Src/stm32l0xx_hal.c.obj
                0x08001a5c                HAL_Init
 .text.HAL_InitTick
                0x08001a9c       0x68 cmake/stm32cubemx/CMakeFiles/STM32_Drivers.dir/__/__/Drivers/STM32L0xx_HAL_Driver/Src/stm32l0xx_hal.c.obj
                0x08001a9c                HAL_InitTick
 .text.HAL_IncTick
                0x08001b04       0x24 cmake/stm32cubemx/CMakeFiles/STM32_Drivers.dir/__/__/Drivers/STM32L0xx_HAL_Driver/Src/stm32l0xx_hal.c.obj
                0x08001b04                HAL_IncTick
 .text.HAL_GetTick
                0x08001b28       0x14 cmake/stm32cubemx/CMakeFiles/STM32_Drivers.dir/__/__/Drivers/STM32L0xx_HAL_Driver/Src/stm32l0xx_hal.c.obj
                0x08001b28                HAL_GetTick
 .text.HAL_Delay
                0x08001b3c       0x48 cmake/stm32cubemx/CMakeFiles/STM32_Drivers.dir/__/__/Drivers/STM32L0xx_HAL_Driver/Src/stm32l0xx_hal.c.obj
                0x08001b3c                HAL_Delay
 .text.HAL_I2C_Init
                0x08001b84      0x14c cmake/stm32cubemx/CMakeFiles/STM32_Drivers.dir/__/__/Drivers/STM32L0xx_HAL_Driver/Src/stm32l0xx_hal_i2c.c.obj
                0x08001b84                HAL_I2C_Init
 .text.HAL_I2CEx_ConfigAnalogFilter
                0x08001cd0       0x98 cmake/stm32cubemx/CMakeFiles/STM32_Drivers.dir/__/__/Drivers/STM32L0xx_HAL_Driver/Src/stm32l0xx_hal_i2c_ex.c.obj
                0x08001cd0                HAL_I2CEx_ConfigAnalogFilter
 .text.HAL_I2CEx_ConfigDigitalFilter
                0x08001d68       0x98 cmake/stm32cubemx/CMakeFiles/STM32_Drivers.dir/__/__/Drivers/STM32L0xx_HAL_Driver/Src/stm32l0xx_hal_i2c_ex.c.obj
                0x08001d68                HAL_I2CEx_ConfigDigitalFilter
 .text.HAL_RCC_OscConfig
                0x08001e00      0x7a8 cmake/stm32cubemx/CMakeFiles/STM32_Drivers.dir/__/__/Drivers/STM32L0xx_HAL_Driver/Src/stm32l0xx_hal_rcc.c.obj
                0x08001e00                HAL_RCC_OscConfig
 .text.HAL_RCC_ClockConfig
                0x080025a8      0x290 cmake/stm32cubemx/CMakeFiles/STM32_Drivers.dir/__/__/Drivers/STM32L0xx_HAL_Driver/Src/stm32l0xx_hal_rcc.c.obj
                0x080025a8                HAL_RCC_ClockConfig
 .text.HAL_RCC_GetSysClockFreq
                0x08002838      0x10c cmake/stm32cubemx/CMakeFiles/STM32_Drivers.dir/__/__/Drivers/STM32L0xx_HAL_Driver/Src/stm32l0xx_hal_rcc.c.obj
                0x08002838                HAL_RCC_GetSysClockFreq
 .text.HAL_RCC_GetHCLKFreq
                0x08002944       0x14 cmake/stm32cubemx/CMakeFiles/STM32_Drivers.dir/__/__/Drivers/STM32L0xx_HAL_Driver/Src/stm32l0xx_hal_rcc.c.obj
                0x08002944                HAL_RCC_GetHCLKFreq
 .text.HAL_RCC_GetPCLK1Freq
                0x08002958       0x2c cmake/stm32cubemx/CMakeFiles/STM32_Drivers.dir/__/__/Drivers/STM32L0xx_HAL_Driver/Src/stm32l0xx_hal_rcc.c.obj
                0x08002958                HAL_RCC_GetPCLK1Freq
 .text.HAL_RCC_GetPCLK2Freq
                0x08002984       0x2c cmake/stm32cubemx/CMakeFiles/STM32_Drivers.dir/__/__/Drivers/STM32L0xx_HAL_Driver/Src/stm32l0xx_hal_rcc.c.obj
                0x08002984                HAL_RCC_GetPCLK2Freq
 .text.HAL_RCCEx_PeriphCLKConfig
                0x080029b0      0x33c cmake/stm32cubemx/CMakeFiles/STM32_Drivers.dir/__/__/Drivers/STM32L0xx_HAL_Driver/Src/stm32l0xx_hal_rcc_ex.c.obj
                0x080029b0                HAL_RCCEx_PeriphCLKConfig
 .text.FLASH_WaitForLastOperation
                0x08002cec       0xe4 cmake/stm32cubemx/CMakeFiles/STM32_Drivers.dir/__/__/Drivers/STM32L0xx_HAL_Driver/Src/stm32l0xx_hal_flash.c.obj
                0x08002cec                FLASH_WaitForLastOperation
 .text.FLASH_SetErrorCode
                0x08002dd0      0x138 cmake/stm32cubemx/CMakeFiles/STM32_Drivers.dir/__/__/Drivers/STM32L0xx_HAL_Driver/Src/stm32l0xx_hal_flash.c.obj
 .text.HAL_FLASHEx_DATAEEPROM_Unlock
                0x08002f08       0x5c cmake/stm32cubemx/CMakeFiles/STM32_Drivers.dir/__/__/Drivers/STM32L0xx_HAL_Driver/Src/stm32l0xx_hal_flash_ex.c.obj
                0x08002f08                HAL_FLASHEx_DATAEEPROM_Unlock
 .text.HAL_FLASHEx_DATAEEPROM_Lock
                0x08002f64       0x1c cmake/stm32cubemx/CMakeFiles/STM32_Drivers.dir/__/__/Drivers/STM32L0xx_HAL_Driver/Src/stm32l0xx_hal_flash_ex.c.obj
                0x08002f64                HAL_FLASHEx_DATAEEPROM_Lock
 .text.HAL_FLASHEx_DATAEEPROM_Program
                0x08002f80       0xa8 cmake/stm32cubemx/CMakeFiles/STM32_Drivers.dir/__/__/Drivers/STM32L0xx_HAL_Driver/Src/stm32l0xx_hal_flash_ex.c.obj
                0x08002f80                HAL_FLASHEx_DATAEEPROM_Program
 .text.HAL_GPIO_Init
                0x08003028      0x2fc cmake/stm32cubemx/CMakeFiles/STM32_Drivers.dir/__/__/Drivers/STM32L0xx_HAL_Driver/Src/stm32l0xx_hal_gpio.c.obj
                0x08003028                HAL_GPIO_Init
 .text.HAL_GPIO_ReadPin
                0x08003324       0x3a cmake/stm32cubemx/CMakeFiles/STM32_Drivers.dir/__/__/Drivers/STM32L0xx_HAL_Driver/Src/stm32l0xx_hal_gpio.c.obj
                0x08003324                HAL_GPIO_ReadPin
 .text.HAL_GPIO_WritePin
                0x0800335e       0x3a cmake/stm32cubemx/CMakeFiles/STM32_Drivers.dir/__/__/Drivers/STM32L0xx_HAL_Driver/Src/stm32l0xx_hal_gpio.c.obj
                0x0800335e                HAL_GPIO_WritePin
 .text.HAL_DMA_Abort
                0x08003398       0x80 cmake/stm32cubemx/CMakeFiles/STM32_Drivers.dir/__/__/Drivers/STM32L0xx_HAL_Driver/Src/stm32l0xx_hal_dma.c.obj
                0x08003398                HAL_DMA_Abort
 .text.HAL_DMA_Abort_IT
                0x08003418       0x8e cmake/stm32cubemx/CMakeFiles/STM32_Drivers.dir/__/__/Drivers/STM32L0xx_HAL_Driver/Src/stm32l0xx_hal_dma.c.obj
                0x08003418                HAL_DMA_Abort_IT
 *fill*         0x080034a6        0x2 
 .text.__NVIC_EnableIRQ
                0x080034a8       0x34 cmake/stm32cubemx/CMakeFiles/STM32_Drivers.dir/__/__/Drivers/STM32L0xx_HAL_Driver/Src/stm32l0xx_hal_cortex.c.obj
 .text.__NVIC_SetPriority
                0x080034dc       0xdc cmake/stm32cubemx/CMakeFiles/STM32_Drivers.dir/__/__/Drivers/STM32L0xx_HAL_Driver/Src/stm32l0xx_hal_cortex.c.obj
 .text.SysTick_Config
                0x080035b8       0x48 cmake/stm32cubemx/CMakeFiles/STM32_Drivers.dir/__/__/Drivers/STM32L0xx_HAL_Driver/Src/stm32l0xx_hal_cortex.c.obj
 .text.HAL_NVIC_SetPriority
                0x08003600       0x2a cmake/stm32cubemx/CMakeFiles/STM32_Drivers.dir/__/__/Drivers/STM32L0xx_HAL_Driver/Src/stm32l0xx_hal_cortex.c.obj
                0x08003600                HAL_NVIC_SetPriority
 .text.HAL_NVIC_EnableIRQ
                0x0800362a       0x20 cmake/stm32cubemx/CMakeFiles/STM32_Drivers.dir/__/__/Drivers/STM32L0xx_HAL_Driver/Src/stm32l0xx_hal_cortex.c.obj
                0x0800362a                HAL_NVIC_EnableIRQ
 .text.HAL_SYSTICK_Config
                0x0800364a       0x1a cmake/stm32cubemx/CMakeFiles/STM32_Drivers.dir/__/__/Drivers/STM32L0xx_HAL_Driver/Src/stm32l0xx_hal_cortex.c.obj
                0x0800364a                HAL_SYSTICK_Config
 .text.HAL_DAC_Init
                0x08003664       0x46 cmake/stm32cubemx/CMakeFiles/STM32_Drivers.dir/__/__/Drivers/STM32L0xx_HAL_Driver/Src/stm32l0xx_hal_dac.c.obj
                0x08003664                HAL_DAC_Init
 *fill*         0x080036aa        0x2 
 .text.HAL_DAC_ConfigChannel
                0x080036ac       0x98 cmake/stm32cubemx/CMakeFiles/STM32_Drivers.dir/__/__/Drivers/STM32L0xx_HAL_Driver/Src/stm32l0xx_hal_dac.c.obj
                0x080036ac                HAL_DAC_ConfigChannel
 .text.HAL_DAC_Start
                0x08003744       0xd0 cmake/stm32cubemx/CMakeFiles/STM32_Drivers.dir/__/__/Drivers/STM32L0xx_HAL_Driver/Src/stm32l0xx_hal_dac_ex.c.obj
                0x08003744                HAL_DAC_Start
 .text.HAL_DAC_SetValue
                0x08003814       0x44 cmake/stm32cubemx/CMakeFiles/STM32_Drivers.dir/__/__/Drivers/STM32L0xx_HAL_Driver/Src/stm32l0xx_hal_dac_ex.c.obj
                0x08003814                HAL_DAC_SetValue
 .text.HAL_TIM_PWM_Init
                0x08003858       0x80 cmake/stm32cubemx/CMakeFiles/STM32_Drivers.dir/__/__/Drivers/STM32L0xx_HAL_Driver/Src/stm32l0xx_hal_tim.c.obj
                0x08003858                HAL_TIM_PWM_Init
 .text.HAL_TIM_PWM_Start
                0x080038d8      0x124 cmake/stm32cubemx/CMakeFiles/STM32_Drivers.dir/__/__/Drivers/STM32L0xx_HAL_Driver/Src/stm32l0xx_hal_tim.c.obj
                0x080038d8                HAL_TIM_PWM_Start
 .text.HAL_TIM_PWM_Stop
                0x080039fc       0x7c cmake/stm32cubemx/CMakeFiles/STM32_Drivers.dir/__/__/Drivers/STM32L0xx_HAL_Driver/Src/stm32l0xx_hal_tim.c.obj
                0x080039fc                HAL_TIM_PWM_Stop
 .text.HAL_TIM_PWM_ConfigChannel
                0x08003a78      0x18c cmake/stm32cubemx/CMakeFiles/STM32_Drivers.dir/__/__/Drivers/STM32L0xx_HAL_Driver/Src/stm32l0xx_hal_tim.c.obj
                0x08003a78                HAL_TIM_PWM_ConfigChannel
 .text.TIM_Base_SetConfig
                0x08003c04       0xc8 cmake/stm32cubemx/CMakeFiles/STM32_Drivers.dir/__/__/Drivers/STM32L0xx_HAL_Driver/Src/stm32l0xx_hal_tim.c.obj
 .text.TIM_OC1_SetConfig
                0x08003ccc       0x78 cmake/stm32cubemx/CMakeFiles/STM32_Drivers.dir/__/__/Drivers/STM32L0xx_HAL_Driver/Src/stm32l0xx_hal_tim.c.obj
 .text.TIM_OC2_SetConfig
                0x08003d44       0x84 cmake/stm32cubemx/CMakeFiles/STM32_Drivers.dir/__/__/Drivers/STM32L0xx_HAL_Driver/Src/stm32l0xx_hal_tim.c.obj
 .text.TIM_OC3_SetConfig
                0x08003dc8       0x80 cmake/stm32cubemx/CMakeFiles/STM32_Drivers.dir/__/__/Drivers/STM32L0xx_HAL_Driver/Src/stm32l0xx_hal_tim.c.obj
 .text.TIM_OC4_SetConfig
                0x08003e48       0x8c cmake/stm32cubemx/CMakeFiles/STM32_Drivers.dir/__/__/Drivers/STM32L0xx_HAL_Driver/Src/stm32l0xx_hal_tim.c.obj
 .text.TIM_CCxChannelCmd
                0x08003ed4       0x46 cmake/stm32cubemx/CMakeFiles/STM32_Drivers.dir/__/__/Drivers/STM32L0xx_HAL_Driver/Src/stm32l0xx_hal_tim.c.obj
 *fill*         0x08003f1a        0x2 
 .text.HAL_TIMEx_MasterConfigSynchronization
                0x08003f1c       0xbc cmake/stm32cubemx/CMakeFiles/STM32_Drivers.dir/__/__/Drivers/STM32L0xx_HAL_Driver/Src/stm32l0xx_hal_tim_ex.c.obj
                0x08003f1c                HAL_TIMEx_MasterConfigSynchronization
 .text.HAL_UART_Init
                0x08003fd8       0xa8 cmake/stm32cubemx/CMakeFiles/STM32_Drivers.dir/__/__/Drivers/STM32L0xx_HAL_Driver/Src/stm32l0xx_hal_uart.c.obj
                0x08003fd8                HAL_UART_Init
 .text.HAL_UART_Transmit
                0x08004080      0x13e cmake/stm32cubemx/CMakeFiles/STM32_Drivers.dir/__/__/Drivers/STM32L0xx_HAL_Driver/Src/stm32l0xx_hal_uart.c.obj
                0x08004080                HAL_UART_Transmit
 *fill*         0x080041be        0x2 
 .text.HAL_UART_Transmit_IT
                0x080041c0       0xe0 cmake/stm32cubemx/CMakeFiles/STM32_Drivers.dir/__/__/Drivers/STM32L0xx_HAL_Driver/Src/stm32l0xx_hal_uart.c.obj
                0x080041c0                HAL_UART_Transmit_IT
 .text.HAL_UART_Receive_IT
                0x080042a0       0xbc cmake/stm32cubemx/CMakeFiles/STM32_Drivers.dir/__/__/Drivers/STM32L0xx_HAL_Driver/Src/stm32l0xx_hal_uart.c.obj
                0x080042a0                HAL_UART_Receive_IT
 .text.HAL_UART_IRQHandler
                0x0800435c      0x600 cmake/stm32cubemx/CMakeFiles/STM32_Drivers.dir/__/__/Drivers/STM32L0xx_HAL_Driver/Src/stm32l0xx_hal_uart.c.obj
                0x0800435c                HAL_UART_IRQHandler
 .text.HAL_UARTEx_RxEventCallback
                0x0800495c       0x16 cmake/stm32cubemx/CMakeFiles/STM32_Drivers.dir/__/__/Drivers/STM32L0xx_HAL_Driver/Src/stm32l0xx_hal_uart.c.obj
                0x0800495c                HAL_UARTEx_RxEventCallback
 *fill*         0x08004972        0x2 
 .text.UART_SetConfig
                0x08004974      0x53c cmake/stm32cubemx/CMakeFiles/STM32_Drivers.dir/__/__/Drivers/STM32L0xx_HAL_Driver/Src/stm32l0xx_hal_uart.c.obj
                0x08004974                UART_SetConfig
 .text.UART_AdvFeatureConfig
                0x08004eb0      0x168 cmake/stm32cubemx/CMakeFiles/STM32_Drivers.dir/__/__/Drivers/STM32L0xx_HAL_Driver/Src/stm32l0xx_hal_uart.c.obj
                0x08004eb0                UART_AdvFeatureConfig
 .text.UART_CheckIdleState
                0x08005018      0x150 cmake/stm32cubemx/CMakeFiles/STM32_Drivers.dir/__/__/Drivers/STM32L0xx_HAL_Driver/Src/stm32l0xx_hal_uart.c.obj
                0x08005018                UART_CheckIdleState
 .text.UART_WaitOnFlagUntilTimeout
                0x08005168       0xde cmake/stm32cubemx/CMakeFiles/STM32_Drivers.dir/__/__/Drivers/STM32L0xx_HAL_Driver/Src/stm32l0xx_hal_uart.c.obj
                0x08005168                UART_WaitOnFlagUntilTimeout
 *fill*         0x08005246        0x2 
 .text.UART_Start_Receive_IT
                0x08005248      0x194 cmake/stm32cubemx/CMakeFiles/STM32_Drivers.dir/__/__/Drivers/STM32L0xx_HAL_Driver/Src/stm32l0xx_hal_uart.c.obj
                0x08005248                UART_Start_Receive_IT
 .text.UART_EndRxTransfer
                0x080053dc       0xc8 cmake/stm32cubemx/CMakeFiles/STM32_Drivers.dir/__/__/Drivers/STM32L0xx_HAL_Driver/Src/stm32l0xx_hal_uart.c.obj
 .text.UART_DMAAbortOnError
                0x080054a4       0x26 cmake/stm32cubemx/CMakeFiles/STM32_Drivers.dir/__/__/Drivers/STM32L0xx_HAL_Driver/Src/stm32l0xx_hal_uart.c.obj
 .text.UART_TxISR_8BIT
                0x080054ca       0xb2 cmake/stm32cubemx/CMakeFiles/STM32_Drivers.dir/__/__/Drivers/STM32L0xx_HAL_Driver/Src/stm32l0xx_hal_uart.c.obj
 .text.UART_TxISR_16BIT
                0x0800557c       0xbc cmake/stm32cubemx/CMakeFiles/STM32_Drivers.dir/__/__/Drivers/STM32L0xx_HAL_Driver/Src/stm32l0xx_hal_uart.c.obj
 .text.UART_EndTransmit_IT
                0x08005638       0x56 cmake/stm32cubemx/CMakeFiles/STM32_Drivers.dir/__/__/Drivers/STM32L0xx_HAL_Driver/Src/stm32l0xx_hal_uart.c.obj
 *fill*         0x0800568e        0x2 
 .text.UART_RxISR_8BIT
                0x08005690      0x1c4 cmake/stm32cubemx/CMakeFiles/STM32_Drivers.dir/__/__/Drivers/STM32L0xx_HAL_Driver/Src/stm32l0xx_hal_uart.c.obj
 .text.UART_RxISR_16BIT
                0x08005854      0x1c4 cmake/stm32cubemx/CMakeFiles/STM32_Drivers.dir/__/__/Drivers/STM32L0xx_HAL_Driver/Src/stm32l0xx_hal_uart.c.obj
 .text.HAL_UARTEx_WakeupCallback
                0x08005a18       0x10 cmake/stm32cubemx/CMakeFiles/STM32_Drivers.dir/__/__/Drivers/STM32L0xx_HAL_Driver/Src/stm32l0xx_hal_uart_ex.c.obj
                0x08005a18                HAL_UARTEx_WakeupCallback
 .text.__NVIC_SetPriority
                0x08005a28       0xdc CMakeFiles/EFuse_Lo_alt.dir/Core/Src/main.c.obj
 .text.SysTick_Config
                0x08005b04       0x48 CMakeFiles/EFuse_Lo_alt.dir/Core/Src/main.c.obj
 .text.__io_putchar
                0x08005b4c       0x24 CMakeFiles/EFuse_Lo_alt.dir/Core/Src/main.c.obj
                0x08005b4c                __io_putchar
 .text.main     0x08005b70       0x68 CMakeFiles/EFuse_Lo_alt.dir/Core/Src/main.c.obj
                0x08005b70                main
 .text.SystemClock_Config
                0x08005bd8       0xe4 CMakeFiles/EFuse_Lo_alt.dir/Core/Src/main.c.obj
                0x08005bd8                SystemClock_Config
 .text.MX_ADC_Init
                0x08005cbc      0x17c CMakeFiles/EFuse_Lo_alt.dir/Core/Src/main.c.obj
 .text.MX_DAC_Init
                0x08005e38       0x5c CMakeFiles/EFuse_Lo_alt.dir/Core/Src/main.c.obj
 .text.MX_I2C1_Init
                0x08005e94       0x80 CMakeFiles/EFuse_Lo_alt.dir/Core/Src/main.c.obj
 .text.MX_TIM2_Init
                0x08005f14       0xc0 CMakeFiles/EFuse_Lo_alt.dir/Core/Src/main.c.obj
 .text.MX_USART1_UART_Init
                0x08005fd4       0x60 CMakeFiles/EFuse_Lo_alt.dir/Core/Src/main.c.obj
 .text.MX_USART2_UART_Init
                0x08006034       0x60 CMakeFiles/EFuse_Lo_alt.dir/Core/Src/main.c.obj
 .text.MX_GPIO_Init
                0x08006094      0x13c CMakeFiles/EFuse_Lo_alt.dir/Core/Src/main.c.obj
 .text.Error_Handler
                0x080061d0        0xc CMakeFiles/EFuse_Lo_alt.dir/Core/Src/main.c.obj
                0x080061d0                Error_Handler
 .text.NMI_Handler
                0x080061dc        0x8 CMakeFiles/EFuse_Lo_alt.dir/Core/Src/stm32l0xx_it.c.obj
                0x080061dc                NMI_Handler
 .text.HardFault_Handler
                0x080061e4        0x8 CMakeFiles/EFuse_Lo_alt.dir/Core/Src/stm32l0xx_it.c.obj
                0x080061e4                HardFault_Handler
 .text.SVC_Handler
                0x080061ec        0xa CMakeFiles/EFuse_Lo_alt.dir/Core/Src/stm32l0xx_it.c.obj
                0x080061ec                SVC_Handler
 .text.PendSV_Handler
                0x080061f6        0xa CMakeFiles/EFuse_Lo_alt.dir/Core/Src/stm32l0xx_it.c.obj
                0x080061f6                PendSV_Handler
 .text.SysTick_Handler
                0x08006200        0xe CMakeFiles/EFuse_Lo_alt.dir/Core/Src/stm32l0xx_it.c.obj
                0x08006200                SysTick_Handler
 *fill*         0x0800620e        0x2 
 .text.USART2_IRQHandler
                0x08006210       0x18 CMakeFiles/EFuse_Lo_alt.dir/Core/Src/stm32l0xx_it.c.obj
                0x08006210                USART2_IRQHandler
 .text.HAL_MspInit
                0x08006228       0x28 CMakeFiles/EFuse_Lo_alt.dir/Core/Src/stm32l0xx_hal_msp.c.obj
                0x08006228                HAL_MspInit
 .text.HAL_ADC_MspInit
                0x08006250       0xec CMakeFiles/EFuse_Lo_alt.dir/Core/Src/stm32l0xx_hal_msp.c.obj
                0x08006250                HAL_ADC_MspInit
 .text.HAL_DAC_MspInit
                0x0800633c       0x78 CMakeFiles/EFuse_Lo_alt.dir/Core/Src/stm32l0xx_hal_msp.c.obj
                0x0800633c                HAL_DAC_MspInit
 .text.HAL_I2C_MspInit
                0x080063b4       0x8c CMakeFiles/EFuse_Lo_alt.dir/Core/Src/stm32l0xx_hal_msp.c.obj
                0x080063b4                HAL_I2C_MspInit
 .text.HAL_TIM_PWM_MspInit
                0x08006440       0x2c CMakeFiles/EFuse_Lo_alt.dir/Core/Src/stm32l0xx_hal_msp.c.obj
                0x08006440                HAL_TIM_PWM_MspInit
 .text.HAL_TIM_MspPostInit
                0x0800646c       0x78 CMakeFiles/EFuse_Lo_alt.dir/Core/Src/stm32l0xx_hal_msp.c.obj
                0x0800646c                HAL_TIM_MspPostInit
 .text.HAL_UART_MspInit
                0x080064e4       0xfc CMakeFiles/EFuse_Lo_alt.dir/Core/Src/stm32l0xx_hal_msp.c.obj
                0x080064e4                HAL_UART_MspInit
 .text._sbrk    0x080065e0       0x6c CMakeFiles/EFuse_Lo_alt.dir/Core/Src/sysmem.c.obj
                0x080065e0                _sbrk
 .text._read    0x0800664c       0x3a CMakeFiles/EFuse_Lo_alt.dir/Core/Src/syscalls.c.obj
                0x0800664c                _read
 .text._write   0x08006686       0x38 CMakeFiles/EFuse_Lo_alt.dir/Core/Src/syscalls.c.obj
                0x08006686                _write
 .text._close   0x080066be       0x14 CMakeFiles/EFuse_Lo_alt.dir/Core/Src/syscalls.c.obj
                0x080066be                _close
 .text._fstat   0x080066d2       0x1c CMakeFiles/EFuse_Lo_alt.dir/Core/Src/syscalls.c.obj
                0x080066d2                _fstat
 .text._isatty  0x080066ee       0x12 CMakeFiles/EFuse_Lo_alt.dir/Core/Src/syscalls.c.obj
                0x080066ee                _isatty
 .text._lseek   0x08006700       0x16 CMakeFiles/EFuse_Lo_alt.dir/Core/Src/syscalls.c.obj
                0x08006700                _lseek
 *fill*         0x08006716        0x2 
 .text.Reset_Handler
                0x08006718       0x50 CMakeFiles/EFuse_Lo_alt.dir/startup_stm32l073xx.s.obj
                0x08006718                Reset_Handler
 .text.Default_Handler
                0x08006768        0x2 CMakeFiles/EFuse_Lo_alt.dir/startup_stm32l073xx.s.obj
                0x08006768                TSC_IRQHandler
                0x08006768                ADC1_COMP_IRQHandler
                0x08006768                PVD_IRQHandler
                0x08006768                I2C1_IRQHandler
                0x08006768                RCC_CRS_IRQHandler
                0x08006768                SPI1_IRQHandler
                0x08006768                TIM6_DAC_IRQHandler
                0x08006768                EXTI2_3_IRQHandler
                0x08006768                I2C2_IRQHandler
                0x08006768                RTC_IRQHandler
                0x08006768                LCD_IRQHandler
                0x08006768                DMA1_Channel4_5_6_7_IRQHandler
                0x08006768                TIM3_IRQHandler
                0x08006768                EXTI4_15_IRQHandler
                0x08006768                DMA1_Channel1_IRQHandler
                0x08006768                USART4_5_IRQHandler
                0x08006768                Default_Handler
                0x08006768                TIM22_IRQHandler
                0x08006768                TIM7_IRQHandler
                0x08006768                EXTI0_1_IRQHandler
                0x08006768                USB_IRQHandler
                0x08006768                I2C3_IRQHandler
                0x08006768                SPI2_IRQHandler
                0x08006768                TIM21_IRQHandler
                0x08006768                WWDG_IRQHandler
                0x08006768                TIM2_IRQHandler
                0x08006768                DMA1_Channel2_3_IRQHandler
                0x08006768                FLASH_IRQHandler
                0x08006768                USART1_IRQHandler
                0x08006768                RNG_LPUART1_IRQHandler
                0x08006768                LPTIM1_IRQHandler
 *fill*         0x0800676a        0x2 
 .text.Set_ADC_State
                0x0800676c       0x20 CMakeFiles/EFuse_Lo_alt.dir/Core/Src/adc_event.c.obj
 .text.adc_optional_enable_internals
                0x0800678c       0x10 CMakeFiles/EFuse_Lo_alt.dir/Core/Src/adc_event.c.obj
 .text.adc_init_polling
                0x0800679c       0x28 CMakeFiles/EFuse_Lo_alt.dir/Core/Src/adc_event.c.obj
                0x0800679c                adc_init_polling
 .text.adc_read_values
                0x080067c4      0x124 CMakeFiles/EFuse_Lo_alt.dir/Core/Src/adc_event.c.obj
 .text.adc_preform_scaling
                0x080068e8      0x1ec CMakeFiles/EFuse_Lo_alt.dir/Core/Src/adc_event.c.obj
 .text.adc_event_run
                0x08006ad4       0xcc CMakeFiles/EFuse_Lo_alt.dir/Core/Src/adc_event.c.obj
                0x08006ad4                adc_event_run
 .text.Comm_BeginRx
                0x08006ba0       0x24 CMakeFiles/EFuse_Lo_alt.dir/Core/Src/comm.c.obj
                0x08006ba0                Comm_BeginRx
 .text.HAL_UART_RxCpltCallback
                0x08006bc4      0x3e4 CMakeFiles/EFuse_Lo_alt.dir/Core/Src/comm.c.obj
                0x08006bc4                HAL_UART_RxCpltCallback
 .text.rx_reset_to_start
                0x08006fa8       0x34 CMakeFiles/EFuse_Lo_alt.dir/Core/Src/comm.c.obj
 .text.Comm_Frame_Send
                0x08006fdc      0x218 CMakeFiles/EFuse_Lo_alt.dir/Core/Src/comm.c.obj
                0x08006fdc                Comm_Frame_Send
 .text.Comm_Send_Efuse_State
                0x080071f4       0x34 CMakeFiles/EFuse_Lo_alt.dir/Core/Src/comm.c.obj
                0x080071f4                Comm_Send_Efuse_State
 .text.Comm_Send_MetrologyOut
                0x08007228       0x82 CMakeFiles/EFuse_Lo_alt.dir/Core/Src/comm.c.obj
                0x08007228                Comm_Send_MetrologyOut
 .text.Comm_Logf
                0x080072aa       0x5e CMakeFiles/EFuse_Lo_alt.dir/Core/Src/comm.c.obj
                0x080072aa                Comm_Logf
 .text.HAL_UART_TxCpltCallback
                0x08007308       0x7c CMakeFiles/EFuse_Lo_alt.dir/Core/Src/comm.c.obj
                0x08007308                HAL_UART_TxCpltCallback
 .text.Comm_Set_Received_Command
                0x08007384       0x20 CMakeFiles/EFuse_Lo_alt.dir/Core/Src/comm.c.obj
                0x08007384                Comm_Set_Received_Command
 .text.Comm_Get_Received_Command
                0x080073a4       0x24 CMakeFiles/EFuse_Lo_alt.dir/Core/Src/comm.c.obj
                0x080073a4                Comm_Get_Received_Command
 .text.Comm_Debug_ByteEnq
                0x080073c8       0x5c CMakeFiles/EFuse_Lo_alt.dir/Core/Src/comm.c.obj
 .text.Comm_Debug_FrameEnq
                0x08007424      0x128 CMakeFiles/EFuse_Lo_alt.dir/Core/Src/comm.c.obj
 .text.Comm_Test_Enable
                0x0800754c       0x2c CMakeFiles/EFuse_Lo_alt.dir/Core/Src/comm.c.obj
                0x0800754c                Comm_Test_Enable
 .text.write_u32_le
                0x08007578       0x3e CMakeFiles/EFuse_Lo_alt.dir/Core/Src/comm.c.obj
 .text.read_i32_le
                0x080075b6       0x48 CMakeFiles/EFuse_Lo_alt.dir/Core/Src/comm.c.obj
 *fill*         0x080075fe        0x2 
 .text.crc16_ccitt_update
                0x08007600       0x80 CMakeFiles/EFuse_Lo_alt.dir/Core/Src/comm.c.obj
 .text.crc16_ccitt_update_buf
                0x08007680       0x9c CMakeFiles/EFuse_Lo_alt.dir/Core/Src/comm.c.obj
 .text.HAL_UART_ErrorCallback
                0x0800771c       0x34 CMakeFiles/EFuse_Lo_alt.dir/Core/Src/comm.c.obj
                0x0800771c                HAL_UART_ErrorCallback
 .text.dac_init
                0x08007750       0x64 CMakeFiles/EFuse_Lo_alt.dir/Core/Src/dac_event.c.obj
                0x08007750                dac_init
 .text.dac_event_run
                0x080077b4       0x88 CMakeFiles/EFuse_Lo_alt.dir/Core/Src/dac_event.c.obj
                0x080077b4                dac_event_run
 .text.Read_User_Button
                0x0800783c       0x30 CMakeFiles/EFuse_Lo_alt.dir/Core/Src/debouncing.c.obj
 .text.DebounceSwitch_Init
                0x0800786c       0x42 CMakeFiles/EFuse_Lo_alt.dir/Core/Src/debouncing.c.obj
                0x0800786c                DebounceSwitch_Init
 *fill*         0x080078ae        0x2 
 .text.DebounceSwitch_Update
                0x080078b0       0xcc CMakeFiles/EFuse_Lo_alt.dir/Core/Src/debouncing.c.obj
                0x080078b0                DebounceSwitch_Update
 .text.EE_GetAddressForId
                0x0800797c       0xb0 CMakeFiles/EFuse_Lo_alt.dir/Core/Src/eeprom.c.obj
 .text.crc16_ccitt_false_update
                0x08007a2c       0x70 CMakeFiles/EFuse_Lo_alt.dir/Core/Src/eeprom.c.obj
 .text.crc16_ccitt_false
                0x08007a9c       0x52 CMakeFiles/EFuse_Lo_alt.dir/Core/Src/eeprom.c.obj
 .text.u16_to_le
                0x08007aee       0x30 CMakeFiles/EFuse_Lo_alt.dir/Core/Src/eeprom.c.obj
 .text.u32_to_le
                0x08007b1e       0x3e CMakeFiles/EFuse_Lo_alt.dir/Core/Src/eeprom.c.obj
 .text.EEPROM_WriteSetpoint
                0x08007b5c       0xd4 CMakeFiles/EFuse_Lo_alt.dir/Core/Src/eeprom.c.obj
                0x08007b5c                EEPROM_WriteSetpoint
 .text.address_range_is_valid
                0x08007c30       0x50 CMakeFiles/EFuse_Lo_alt.dir/Core/Src/eeprom.c.obj
 .text.hex_nibble_value
                0x08007c80       0x84 CMakeFiles/EFuse_Lo_alt.dir/Core/Src/eeprom.c.obj
 .text.parse_hex_u32
                0x08007d04       0x6e CMakeFiles/EFuse_Lo_alt.dir/Core/Src/eeprom.c.obj
 .text.parse_hex_bytes
                0x08007d72       0xee CMakeFiles/EFuse_Lo_alt.dir/Core/Src/eeprom.c.obj
 .text.skip_case_insensitive_prefix
                0x08007e60       0x94 CMakeFiles/EFuse_Lo_alt.dir/Core/Src/eeprom.c.obj
 .text.skip_separators
                0x08007ef4       0x58 CMakeFiles/EFuse_Lo_alt.dir/Core/Src/eeprom.c.obj
 .text.EEPROM_Init
                0x08007f4c       0x24 CMakeFiles/EFuse_Lo_alt.dir/Core/Src/eeprom.c.obj
                0x08007f4c                EEPROM_Init
 .text.EEPROM_ClearAll
                0x08007f70       0x78 CMakeFiles/EFuse_Lo_alt.dir/Core/Src/eeprom.c.obj
                0x08007f70                EEPROM_ClearAll
 .text.EEPROM_WriteBannerRaw
                0x08007fe8      0x134 CMakeFiles/EFuse_Lo_alt.dir/Core/Src/eeprom.c.obj
                0x08007fe8                EEPROM_WriteBannerRaw
 .text.EEPROM_WriteBytes
                0x0800811c       0xfc CMakeFiles/EFuse_Lo_alt.dir/Core/Src/eeprom.c.obj
                0x0800811c                EEPROM_WriteBytes
 .text.EEPROM_ReadBytes
                0x08008218       0x4a CMakeFiles/EFuse_Lo_alt.dir/Core/Src/eeprom.c.obj
                0x08008218                EEPROM_ReadBytes
 *fill*         0x08008262        0x2 
 .text.EEPROM_Dump
                0x08008264       0xa8 CMakeFiles/EFuse_Lo_alt.dir/Core/Src/eeprom.c.obj
                0x08008264                EEPROM_Dump
 .text.EE_RequestLine
                0x0800830c       0x60 CMakeFiles/EFuse_Lo_alt.dir/Core/Src/eeprom.c.obj
                0x0800830c                EE_RequestLine
 .text.handle_cmd_clear
                0x0800836c       0x2c CMakeFiles/EFuse_Lo_alt.dir/Core/Src/eeprom.c.obj
 .text.handle_cmd_banner
                0x08008398       0x18 CMakeFiles/EFuse_Lo_alt.dir/Core/Src/eeprom.c.obj
 .text.handle_cmd_dump
                0x080083b0       0xb0 CMakeFiles/EFuse_Lo_alt.dir/Core/Src/eeprom.c.obj
 .text.handle_cmd_write
                0x08008460      0x114 CMakeFiles/EFuse_Lo_alt.dir/Core/Src/eeprom.c.obj
 .text.handle_cmd_read
                0x08008574      0x18c CMakeFiles/EFuse_Lo_alt.dir/Core/Src/eeprom.c.obj
 .text.EE_Poll  0x08008700      0x100 CMakeFiles/EFuse_Lo_alt.dir/Core/Src/eeprom.c.obj
                0x08008700                EE_Poll
 .text.Debounce_RegisterCallback
                0x08008800       0x18 CMakeFiles/EFuse_Lo_alt.dir/Core/Src/scheduler.c.obj
 .text.scheduler_add_event
                0x08008818       0x6c CMakeFiles/EFuse_Lo_alt.dir/Core/Src/scheduler.c.obj
 .text.now_ms   0x08008884       0x10 CMakeFiles/EFuse_Lo_alt.dir/Core/Src/scheduler.c.obj
 .text.scheduler_event_handler
                0x08008894       0x90 CMakeFiles/EFuse_Lo_alt.dir/Core/Src/scheduler.c.obj
 .text.Apply_EFuse_State
                0x08008924       0x4c CMakeFiles/EFuse_Lo_alt.dir/Core/Src/scheduler.c.obj
 .text.on_switch_change
                0x08008970       0x2c CMakeFiles/EFuse_Lo_alt.dir/Core/Src/scheduler.c.obj
 .text.event_switch
                0x0800899c       0x20 CMakeFiles/EFuse_Lo_alt.dir/Core/Src/scheduler.c.obj
 .text.event_comms
                0x080089bc       0x58 CMakeFiles/EFuse_Lo_alt.dir/Core/Src/scheduler.c.obj
 .text.event_adc
                0x08008a14       0x94 CMakeFiles/EFuse_Lo_alt.dir/Core/Src/scheduler.c.obj
 .text.event_state_machine
                0x08008aa8       0x90 CMakeFiles/EFuse_Lo_alt.dir/Core/Src/scheduler.c.obj
 .text.event_dac
                0x08008b38        0xe CMakeFiles/EFuse_Lo_alt.dir/Core/Src/scheduler.c.obj
 *fill*         0x08008b46        0x2 
 .text.event_eeprom
                0x08008b48       0x6c CMakeFiles/EFuse_Lo_alt.dir/Core/Src/scheduler.c.obj
 .text.scheduler_system_init
                0x08008bb4       0x60 CMakeFiles/EFuse_Lo_alt.dir/Core/Src/scheduler.c.obj
 .text.scheduler_run
                0x08008c14       0xa4 CMakeFiles/EFuse_Lo_alt.dir/Core/Src/scheduler.c.obj
                0x08008c14                scheduler_run
 .text.EFuse_SM_SetDesired
                0x08008cb8       0x20 CMakeFiles/EFuse_Lo_alt.dir/Core/Src/state_machine.c.obj
                0x08008cb8                EFuse_SM_SetDesired
 .text.EFuse_SM_SetTrip
                0x08008cd8       0x20 CMakeFiles/EFuse_Lo_alt.dir/Core/Src/state_machine.c.obj
                0x08008cd8                EFuse_SM_SetTrip
 .text.EFuse_TriggerFault
                0x08008cf8       0x34 CMakeFiles/EFuse_Lo_alt.dir/Core/Src/state_machine.c.obj
                0x08008cf8                EFuse_TriggerFault
 .text.Handle_Fault_Log
                0x08008d2c        0xa CMakeFiles/EFuse_Lo_alt.dir/Core/Src/state_machine.c.obj
 *fill*         0x08008d36        0x2 
 .text.EFuse_StateMachine_Run
                0x08008d38      0x160 CMakeFiles/EFuse_Lo_alt.dir/Core/Src/state_machine.c.obj
                0x08008d38                EFuse_StateMachine_Run
 .text.EFuse_RGB_Set
                0x08008e98       0x9c CMakeFiles/EFuse_Lo_alt.dir/Core/Src/state_machine.c.obj
                0x08008e98                EFuse_RGB_Set
 .text.gate_drive_enable
                0x08008f34       0x6c CMakeFiles/EFuse_Lo_alt.dir/Core/Src/state_machine.c.obj
                0x08008f34                gate_drive_enable
 .text.std      0x08008fa0       0x6c C:/Users/AshwinKashyap/AppData/Local/stm32cube/bundles/gnu-tools-for-stm32/13.3.1+st.9/bin/../lib/gcc/arm-none-eabi/13.3.1/../../../../arm-none-eabi/lib/thumb/v6-m/nofp\libg_nano.a(libc_a-findfp.o)
 .text.stdio_exit_handler
                0x0800900c       0x1c C:/Users/AshwinKashyap/AppData/Local/stm32cube/bundles/gnu-tools-for-stm32/13.3.1+st.9/bin/../lib/gcc/arm-none-eabi/13.3.1/../../../../arm-none-eabi/lib/thumb/v6-m/nofp\libg_nano.a(libc_a-findfp.o)
 .text.cleanup_stdio
                0x08009028       0x3c C:/Users/AshwinKashyap/AppData/Local/stm32cube/bundles/gnu-tools-for-stm32/13.3.1+st.9/bin/../lib/gcc/arm-none-eabi/13.3.1/../../../../arm-none-eabi/lib/thumb/v6-m/nofp\libg_nano.a(libc_a-findfp.o)
 .text.global_stdio_init.part.0
                0x08009064       0x3c C:/Users/AshwinKashyap/AppData/Local/stm32cube/bundles/gnu-tools-for-stm32/13.3.1+st.9/bin/../lib/gcc/arm-none-eabi/13.3.1/../../../../arm-none-eabi/lib/thumb/v6-m/nofp\libg_nano.a(libc_a-findfp.o)
 .text.__sfp_lock_acquire
                0x080090a0       0x10 C:/Users/AshwinKashyap/AppData/Local/stm32cube/bundles/gnu-tools-for-stm32/13.3.1+st.9/bin/../lib/gcc/arm-none-eabi/13.3.1/../../../../arm-none-eabi/lib/thumb/v6-m/nofp\libg_nano.a(libc_a-findfp.o)
                0x080090a0                __sfp_lock_acquire
 .text.__sfp_lock_release
                0x080090b0       0x10 C:/Users/AshwinKashyap/AppData/Local/stm32cube/bundles/gnu-tools-for-stm32/13.3.1+st.9/bin/../lib/gcc/arm-none-eabi/13.3.1/../../../../arm-none-eabi/lib/thumb/v6-m/nofp\libg_nano.a(libc_a-findfp.o)
                0x080090b0                __sfp_lock_release
 .text.__sinit  0x080090c0       0x30 C:/Users/AshwinKashyap/AppData/Local/stm32cube/bundles/gnu-tools-for-stm32/13.3.1+st.9/bin/../lib/gcc/arm-none-eabi/13.3.1/../../../../arm-none-eabi/lib/thumb/v6-m/nofp\libg_nano.a(libc_a-findfp.o)
                0x080090c0                __sinit
 .text._fwalk_sglue
                0x080090f0       0x38 C:/Users/AshwinKashyap/AppData/Local/stm32cube/bundles/gnu-tools-for-stm32/13.3.1+st.9/bin/../lib/gcc/arm-none-eabi/13.3.1/../../../../arm-none-eabi/lib/thumb/v6-m/nofp\libg_nano.a(libc_a-fwalk.o)
                0x080090f0                _fwalk_sglue
 .text.printf   0x08009128       0x20 C:/Users/AshwinKashyap/AppData/Local/stm32cube/bundles/gnu-tools-for-stm32/13.3.1+st.9/bin/../lib/gcc/arm-none-eabi/13.3.1/../../../../arm-none-eabi/lib/thumb/v6-m/nofp\libg_nano.a(libc_a-printf.o)
                0x08009128                iprintf
                0x08009128                printf
 .text._puts_r  0x08009148       0xac C:/Users/AshwinKashyap/AppData/Local/stm32cube/bundles/gnu-tools-for-stm32/13.3.1+st.9/bin/../lib/gcc/arm-none-eabi/13.3.1/../../../../arm-none-eabi/lib/thumb/v6-m/nofp\libg_nano.a(libc_a-puts.o)
                0x08009148                _puts_r
 .text.puts     0x080091f4       0x14 C:/Users/AshwinKashyap/AppData/Local/stm32cube/bundles/gnu-tools-for-stm32/13.3.1+st.9/bin/../lib/gcc/arm-none-eabi/13.3.1/../../../../arm-none-eabi/lib/thumb/v6-m/nofp\libg_nano.a(libc_a-puts.o)
                0x080091f4                puts
 .text.__sread  0x08009208       0x28 C:/Users/AshwinKashyap/AppData/Local/stm32cube/bundles/gnu-tools-for-stm32/13.3.1+st.9/bin/../lib/gcc/arm-none-eabi/13.3.1/../../../../arm-none-eabi/lib/thumb/v6-m/nofp\libg_nano.a(libc_a-stdio.o)
                0x08009208                __sread
 .text.__swrite
                0x08009230       0x38 C:/Users/AshwinKashyap/AppData/Local/stm32cube/bundles/gnu-tools-for-stm32/13.3.1+st.9/bin/../lib/gcc/arm-none-eabi/13.3.1/../../../../arm-none-eabi/lib/thumb/v6-m/nofp\libg_nano.a(libc_a-stdio.o)
                0x08009230                __swrite
 .text.__sseek  0x08009268       0x2c C:/Users/AshwinKashyap/AppData/Local/stm32cube/bundles/gnu-tools-for-stm32/13.3.1+st.9/bin/../lib/gcc/arm-none-eabi/13.3.1/../../../../arm-none-eabi/lib/thumb/v6-m/nofp\libg_nano.a(libc_a-stdio.o)
                0x08009268                __sseek
 .text.__sclose
                0x08009294        0xc C:/Users/AshwinKashyap/AppData/Local/stm32cube/bundles/gnu-tools-for-stm32/13.3.1+st.9/bin/../lib/gcc/arm-none-eabi/13.3.1/../../../../arm-none-eabi/lib/thumb/v6-m/nofp\libg_nano.a(libc_a-stdio.o)
                0x08009294                __sclose
 .text._vsnprintf_r
                0x080092a0       0x5a C:/Users/AshwinKashyap/AppData/Local/stm32cube/bundles/gnu-tools-for-stm32/13.3.1+st.9/bin/../lib/gcc/arm-none-eabi/13.3.1/../../../../arm-none-eabi/lib/thumb/v6-m/nofp\libg_nano.a(libc_a-vsnprintf.o)
                0x080092a0                _vsniprintf_r
                0x080092a0                _vsnprintf_r
 *fill*         0x080092fa        0x2 
 .text.vsnprintf
                0x080092fc       0x18 C:/Users/AshwinKashyap/AppData/Local/stm32cube/bundles/gnu-tools-for-stm32/13.3.1+st.9/bin/../lib/gcc/arm-none-eabi/13.3.1/../../../../arm-none-eabi/lib/thumb/v6-m/nofp\libg_nano.a(libc_a-vsnprintf.o)
                0x080092fc                vsniprintf
                0x080092fc                vsnprintf
 .text.__swbuf_r
                0x08009314       0x84 C:/Users/AshwinKashyap/AppData/Local/stm32cube/bundles/gnu-tools-for-stm32/13.3.1+st.9/bin/../lib/gcc/arm-none-eabi/13.3.1/../../../../arm-none-eabi/lib/thumb/v6-m/nofp\libg_nano.a(libc_a-wbuf.o)
                0x08009314                __swbuf_r
 .text.__swsetup_r
                0x08009398       0xbc C:/Users/AshwinKashyap/AppData/Local/stm32cube/bundles/gnu-tools-for-stm32/13.3.1+st.9/bin/../lib/gcc/arm-none-eabi/13.3.1/../../../../arm-none-eabi/lib/thumb/v6-m/nofp\libg_nano.a(libc_a-wsetup.o)
                0x08009398                __swsetup_r
 .text.memset   0x08009454       0x10 C:/Users/AshwinKashyap/AppData/Local/stm32cube/bundles/gnu-tools-for-stm32/13.3.1+st.9/bin/../lib/gcc/arm-none-eabi/13.3.1/../../../../arm-none-eabi/lib/thumb/v6-m/nofp\libg_nano.a(libc_a-memset.o)
                0x08009454                memset
 .text._close_r
                0x08009464       0x24 C:/Users/AshwinKashyap/AppData/Local/stm32cube/bundles/gnu-tools-for-stm32/13.3.1+st.9/bin/../lib/gcc/arm-none-eabi/13.3.1/../../../../arm-none-eabi/lib/thumb/v6-m/nofp\libg_nano.a(libc_a-closer.o)
                0x08009464                _close_r
 .text._lseek_r
                0x08009488       0x28 C:/Users/AshwinKashyap/AppData/Local/stm32cube/bundles/gnu-tools-for-stm32/13.3.1+st.9/bin/../lib/gcc/arm-none-eabi/13.3.1/../../../../arm-none-eabi/lib/thumb/v6-m/nofp\libg_nano.a(libc_a-lseekr.o)
                0x08009488                _lseek_r
 .text._read_r  0x080094b0       0x28 C:/Users/AshwinKashyap/AppData/Local/stm32cube/bundles/gnu-tools-for-stm32/13.3.1+st.9/bin/../lib/gcc/arm-none-eabi/13.3.1/../../../../arm-none-eabi/lib/thumb/v6-m/nofp\libg_nano.a(libc_a-readr.o)
                0x080094b0                _read_r
 .text._write_r
                0x080094d8       0x28 C:/Users/AshwinKashyap/AppData/Local/stm32cube/bundles/gnu-tools-for-stm32/13.3.1+st.9/bin/../lib/gcc/arm-none-eabi/13.3.1/../../../../arm-none-eabi/lib/thumb/v6-m/nofp\libg_nano.a(libc_a-writer.o)
                0x080094d8                _write_r
 .text.__errno  0x08009500        0xc C:/Users/AshwinKashyap/AppData/Local/stm32cube/bundles/gnu-tools-for-stm32/13.3.1+st.9/bin/../lib/gcc/arm-none-eabi/13.3.1/../../../../arm-none-eabi/lib/thumb/v6-m/nofp\libg_nano.a(libc_a-errno.o)
                0x08009500                __errno
 .text.__libc_init_array
                0x0800950c       0x48 C:/Users/AshwinKashyap/AppData/Local/stm32cube/bundles/gnu-tools-for-stm32/13.3.1+st.9/bin/../lib/gcc/arm-none-eabi/13.3.1/../../../../arm-none-eabi/lib/thumb/v6-m/nofp\libg_nano.a(libc_a-init.o)
                0x0800950c                __libc_init_array
 .text.__retarget_lock_init_recursive
                0x08009554        0x2 C:/Users/AshwinKashyap/AppData/Local/stm32cube/bundles/gnu-tools-for-stm32/13.3.1+st.9/bin/../lib/gcc/arm-none-eabi/13.3.1/../../../../arm-none-eabi/lib/thumb/v6-m/nofp\libg_nano.a(libc_a-lock.o)
                0x08009554                __retarget_lock_init_recursive
 .text.__retarget_lock_acquire_recursive
                0x08009556        0x2 C:/Users/AshwinKashyap/AppData/Local/stm32cube/bundles/gnu-tools-for-stm32/13.3.1+st.9/bin/../lib/gcc/arm-none-eabi/13.3.1/../../../../arm-none-eabi/lib/thumb/v6-m/nofp\libg_nano.a(libc_a-lock.o)
                0x08009556                __retarget_lock_acquire_recursive
 .text.__retarget_lock_release_recursive
                0x08009558        0x2 C:/Users/AshwinKashyap/AppData/Local/stm32cube/bundles/gnu-tools-for-stm32/13.3.1+st.9/bin/../lib/gcc/arm-none-eabi/13.3.1/../../../../arm-none-eabi/lib/thumb/v6-m/nofp\libg_nano.a(libc_a-lock.o)
                0x08009558                __retarget_lock_release_recursive
 .text.memcpy   0x0800955a       0x12 C:/Users/AshwinKashyap/AppData/Local/stm32cube/bundles/gnu-tools-for-stm32/13.3.1+st.9/bin/../lib/gcc/arm-none-eabi/13.3.1/../../../../arm-none-eabi/lib/thumb/v6-m/nofp\libg_nano.a(libc_a-memcpy-stub.o)
                0x0800955a                memcpy
 .text._free_r  0x0800956c       0x94 C:/Users/AshwinKashyap/AppData/Local/stm32cube/bundles/gnu-tools-for-stm32/13.3.1+st.9/bin/../lib/gcc/arm-none-eabi/13.3.1/../../../../arm-none-eabi/lib/thumb/v6-m/nofp\libg_nano.a(libc_a-freer.o)
                0x0800956c                _free_r
 .text.sbrk_aligned
                0x08009600       0x44 C:/Users/AshwinKashyap/AppData/Local/stm32cube/bundles/gnu-tools-for-stm32/13.3.1+st.9/bin/../lib/gcc/arm-none-eabi/13.3.1/../../../../arm-none-eabi/lib/thumb/v6-m/nofp\libg_nano.a(libc_a-mallocr.o)
 .text._malloc_r
                0x08009644      0x100 C:/Users/AshwinKashyap/AppData/Local/stm32cube/bundles/gnu-tools-for-stm32/13.3.1+st.9/bin/../lib/gcc/arm-none-eabi/13.3.1/../../../../arm-none-eabi/lib/thumb/v6-m/nofp\libg_nano.a(libc_a-mallocr.o)
                0x08009644                _malloc_r
 .text.__malloc_lock
                0x08009744       0x10 C:/Users/AshwinKashyap/AppData/Local/stm32cube/bundles/gnu-tools-for-stm32/13.3.1+st.9/bin/../lib/gcc/arm-none-eabi/13.3.1/../../../../arm-none-eabi/lib/thumb/v6-m/nofp\libg_nano.a(libc_a-mlock.o)
                0x08009744                __malloc_lock
 .text.__malloc_unlock
                0x08009754       0x10 C:/Users/AshwinKashyap/AppData/Local/stm32cube/bundles/gnu-tools-for-stm32/13.3.1+st.9/bin/../lib/gcc/arm-none-eabi/13.3.1/../../../../arm-none-eabi/lib/thumb/v6-m/nofp\libg_nano.a(libc_a-mlock.o)
                0x08009754                __malloc_unlock
 .text.__ssputs_r
                0x08009764       0xc0 C:/Users/AshwinKashyap/AppData/Local/stm32cube/bundles/gnu-tools-for-stm32/13.3.1+st.9/bin/../lib/gcc/arm-none-eabi/13.3.1/../../../../arm-none-eabi/lib/thumb/v6-m/nofp\libg_nano.a(libc_a-nano-svfprintf.o)
                0x08009764                __ssputs_r
 .text._svfprintf_r
                0x08009824      0x1fc C:/Users/AshwinKashyap/AppData/Local/stm32cube/bundles/gnu-tools-for-stm32/13.3.1+st.9/bin/../lib/gcc/arm-none-eabi/13.3.1/../../../../arm-none-eabi/lib/thumb/v6-m/nofp\libg_nano.a(libc_a-nano-svfprintf.o)
                0x08009824                _svfiprintf_r
                0x08009824                _svfprintf_r
 .text.__sfputc_r
                0x08009a20       0x2a C:/Users/AshwinKashyap/AppData/Local/stm32cube/bundles/gnu-tools-for-stm32/13.3.1+st.9/bin/../lib/gcc/arm-none-eabi/13.3.1/../../../../arm-none-eabi/lib/thumb/v6-m/nofp\libg_nano.a(libc_a-nano-vfprintf.o)
 .text.__sfputs_r
                0x08009a4a       0x24 C:/Users/AshwinKashyap/AppData/Local/stm32cube/bundles/gnu-tools-for-stm32/13.3.1+st.9/bin/../lib/gcc/arm-none-eabi/13.3.1/../../../../arm-none-eabi/lib/thumb/v6-m/nofp\libg_nano.a(libc_a-nano-vfprintf.o)
                0x08009a4a                __sfputs_r
 *fill*         0x08009a6e        0x2 
 .text._vfprintf_r
                0x08009a70      0x238 C:/Users/AshwinKashyap/AppData/Local/stm32cube/bundles/gnu-tools-for-stm32/13.3.1+st.9/bin/../lib/gcc/arm-none-eabi/13.3.1/../../../../arm-none-eabi/lib/thumb/v6-m/nofp\libg_nano.a(libc_a-nano-vfprintf.o)
                0x08009a70                _vfprintf_r
                0x08009a70                _vfiprintf_r
 .text._printf_common
                0x08009ca8       0xde C:/Users/AshwinKashyap/AppData/Local/stm32cube/bundles/gnu-tools-for-stm32/13.3.1+st.9/bin/../lib/gcc/arm-none-eabi/13.3.1/../../../../arm-none-eabi/lib/thumb/v6-m/nofp\libg_nano.a(libc_a-nano-vfprintf_i.o)
                0x08009ca8                _printf_common
 *fill*         0x08009d86        0x2 
 .text._printf_i
                0x08009d88      0x218 C:/Users/AshwinKashyap/AppData/Local/stm32cube/bundles/gnu-tools-for-stm32/13.3.1+st.9/bin/../lib/gcc/arm-none-eabi/13.3.1/../../../../arm-none-eabi/lib/thumb/v6-m/nofp\libg_nano.a(libc_a-nano-vfprintf_i.o)
                0x08009d88                _printf_i
 .text.__sflush_r
                0x08009fa0      0x10c C:/Users/AshwinKashyap/AppData/Local/stm32cube/bundles/gnu-tools-for-stm32/13.3.1+st.9/bin/../lib/gcc/arm-none-eabi/13.3.1/../../../../arm-none-eabi/lib/thumb/v6-m/nofp\libg_nano.a(libc_a-fflush.o)
                0x08009fa0                __sflush_r
 .text._fflush_r
                0x0800a0ac       0x56 C:/Users/AshwinKashyap/AppData/Local/stm32cube/bundles/gnu-tools-for-stm32/13.3.1+st.9/bin/../lib/gcc/arm-none-eabi/13.3.1/../../../../arm-none-eabi/lib/thumb/v6-m/nofp\libg_nano.a(libc_a-fflush.o)
                0x0800a0ac                _fflush_r
 *fill*         0x0800a102        0x2 
 .text.__swhatbuf_r
                0x0800a104       0x54 C:/Users/AshwinKashyap/AppData/Local/stm32cube/bundles/gnu-tools-for-stm32/13.3.1+st.9/bin/../lib/gcc/arm-none-eabi/13.3.1/../../../../arm-none-eabi/lib/thumb/v6-m/nofp\libg_nano.a(libc_a-makebuf.o)
                0x0800a104                __swhatbuf_r
 .text.__smakebuf_r
                0x0800a158       0x82 C:/Users/AshwinKashyap/AppData/Local/stm32cube/bundles/gnu-tools-for-stm32/13.3.1+st.9/bin/../lib/gcc/arm-none-eabi/13.3.1/../../../../arm-none-eabi/lib/thumb/v6-m/nofp\libg_nano.a(libc_a-makebuf.o)
                0x0800a158                __smakebuf_r
 .text.memmove  0x0800a1da       0x24 C:/Users/AshwinKashyap/AppData/Local/stm32cube/bundles/gnu-tools-for-stm32/13.3.1+st.9/bin/../lib/gcc/arm-none-eabi/13.3.1/../../../../arm-none-eabi/lib/thumb/v6-m/nofp\libg_nano.a(libc_a-memmove.o)
                0x0800a1da                memmove
 *fill*         0x0800a1fe        0x2 
 .text._fstat_r
                0x0800a200       0x24 C:/Users/AshwinKashyap/AppData/Local/stm32cube/bundles/gnu-tools-for-stm32/13.3.1+st.9/bin/../lib/gcc/arm-none-eabi/13.3.1/../../../../arm-none-eabi/lib/thumb/v6-m/nofp\libg_nano.a(libc_a-fstatr.o)
                0x0800a200                _fstat_r
 .text._isatty_r
                0x0800a224       0x24 C:/Users/AshwinKashyap/AppData/Local/stm32cube/bundles/gnu-tools-for-stm32/13.3.1+st.9/bin/../lib/gcc/arm-none-eabi/13.3.1/../../../../arm-none-eabi/lib/thumb/v6-m/nofp\libg_nano.a(libc_a-isattyr.o)
                0x0800a224                _isatty_r
 .text._sbrk_r  0x0800a248       0x24 C:/Users/AshwinKashyap/AppData/Local/stm32cube/bundles/gnu-tools-for-stm32/13.3.1+st.9/bin/../lib/gcc/arm-none-eabi/13.3.1/../../../../arm-none-eabi/lib/thumb/v6-m/nofp\libg_nano.a(libc_a-sbrkr.o)
                0x0800a248                _sbrk_r
 .text.memchr   0x0800a26c       0x16 C:/Users/AshwinKashyap/AppData/Local/stm32cube/bundles/gnu-tools-for-stm32/13.3.1+st.9/bin/../lib/gcc/arm-none-eabi/13.3.1/../../../../arm-none-eabi/lib/thumb/v6-m/nofp\libg_nano.a(libc_a-memchr-stub.o)
                0x0800a26c                memchr
 .text._realloc_r
                0x0800a282       0x60 C:/Users/AshwinKashyap/AppData/Local/stm32cube/bundles/gnu-tools-for-stm32/13.3.1+st.9/bin/../lib/gcc/arm-none-eabi/13.3.1/../../../../arm-none-eabi/lib/thumb/v6-m/nofp\libg_nano.a(libc_a-reallocr.o)
                0x0800a282                _realloc_r
 .text._malloc_usable_size_r
                0x0800a2e2       0x10 C:/Users/AshwinKashyap/AppData/Local/stm32cube/bundles/gnu-tools-for-stm32/13.3.1+st.9/bin/../lib/gcc/arm-none-eabi/13.3.1/../../../../arm-none-eabi/lib/thumb/v6-m/nofp\libg_nano.a(libc_a-msizer.o)
                0x0800a2e2                _malloc_usable_size_r
 *(.glue_7)
 .glue_7        0x0800a2f2        0x0 linker stubs
 *(.glue_7t)
 .glue_7t       0x0800a2f2        0x0 linker stubs
 *(.eh_frame)
 *fill*         0x0800a2f2        0x2 
 .eh_frame      0x0800a2f4        0x0 C:/Users/AshwinKashyap/AppData/Local/stm32cube/bundles/gnu-tools-for-stm32/13.3.1+st.9/bin/../lib/gcc/arm-none-eabi/13.3.1/thumb/v6-m/nofp/crtbegin.o
 *(.init)
 .init          0x0800a2f4        0x4 C:/Users/AshwinKashyap/AppData/Local/stm32cube/bundles/gnu-tools-for-stm32/13.3.1+st.9/bin/../lib/gcc/arm-none-eabi/13.3.1/thumb/v6-m/nofp/crti.o
                0x0800a2f4                _init
 .init          0x0800a2f8        0x8 C:/Users/AshwinKashyap/AppData/Local/stm32cube/bundles/gnu-tools-for-stm32/13.3.1+st.9/bin/../lib/gcc/arm-none-eabi/13.3.1/thumb/v6-m/nofp/crtn.o
 *(.fini)
 .fini          0x0800a300        0x4 C:/Users/AshwinKashyap/AppData/Local/stm32cube/bundles/gnu-tools-for-stm32/13.3.1+st.9/bin/../lib/gcc/arm-none-eabi/13.3.1/thumb/v6-m/nofp/crti.o
                0x0800a300                _fini
 .fini          0x0800a304        0x8 C:/Users/AshwinKashyap/AppData/Local/stm32cube/bundles/gnu-tools-for-stm32/13.3.1+st.9/bin/../lib/gcc/arm-none-eabi/13.3.1/thumb/v6-m/nofp/crtn.o
                0x0800a30c                        . = ALIGN (0x4)
                0x0800a30c                        _etext = .

.vfp11_veneer   0x0800a30c        0x0
 .vfp11_veneer  0x0800a30c        0x0 linker stubs

.v4_bx          0x0800a30c        0x0
 .v4_bx         0x0800a30c        0x0 linker stubs

.iplt           0x0800a30c        0x0
 .iplt          0x0800a30c        0x0 C:/Users/AshwinKashyap/AppData/Local/stm32cube/bundles/gnu-tools-for-stm32/13.3.1+st.9/bin/../lib/gcc/arm-none-eabi/13.3.1/thumb/v6-m/nofp/crtbegin.o

.rodata         0x0800a30c      0x56c
                0x0800a30c                        . = ALIGN (0x4)
 *(.rodata)
 .rodata        0x0800a30c       0x25 CMakeFiles/EFuse_Lo_alt.dir/Core/Src/main.c.obj
 *fill*         0x0800a331        0x3 
 .rodata        0x0800a334       0xf4 CMakeFiles/EFuse_Lo_alt.dir/Core/Src/adc_event.c.obj
 .rodata        0x0800a428      0x1ea CMakeFiles/EFuse_Lo_alt.dir/Core/Src/eeprom.c.obj
 *fill*         0x0800a612        0x2 
 .rodata        0x0800a614       0x31 CMakeFiles/EFuse_Lo_alt.dir/Core/Src/scheduler.c.obj
 *(.rodata*)
 *fill*         0x0800a645        0x3 
 .rodata.AHBPrescTable
                0x0800a648       0x10 cmake/stm32cubemx/CMakeFiles/STM32_Drivers.dir/__/__/Core/Src/system_stm32l0xx.c.obj
                0x0800a648                AHBPrescTable
 .rodata.APBPrescTable
                0x0800a658        0x8 cmake/stm32cubemx/CMakeFiles/STM32_Drivers.dir/__/__/Core/Src/system_stm32l0xx.c.obj
                0x0800a658                APBPrescTable
 .rodata.PLLMulTable
                0x0800a660        0x9 cmake/stm32cubemx/CMakeFiles/STM32_Drivers.dir/__/__/Core/Src/system_stm32l0xx.c.obj
                0x0800a660                PLLMulTable
 *fill*         0x0800a669        0x3 
 .rodata.UART_SetConfig
                0x0800a66c       0x48 cmake/stm32cubemx/CMakeFiles/STM32_Drivers.dir/__/__/Drivers/STM32L0xx_HAL_Driver/Src/stm32l0xx_hal_uart.c.obj
 .rodata.channels
                0x0800a6b4       0x1c CMakeFiles/EFuse_Lo_alt.dir/Core/Src/adc_event.c.obj
 .rodata.adc_preform_scaling
                0x0800a6d0       0x1c CMakeFiles/EFuse_Lo_alt.dir/Core/Src/adc_event.c.obj
 .rodata.adc_event_run
                0x0800a6ec       0x20 CMakeFiles/EFuse_Lo_alt.dir/Core/Src/adc_event.c.obj
 .rodata.HAL_UART_RxCpltCallback
                0x0800a70c       0x1c CMakeFiles/EFuse_Lo_alt.dir/Core/Src/comm.c.obj
 .rodata.EFuse_StateMachine_Run
                0x0800a728       0x1c CMakeFiles/EFuse_Lo_alt.dir/Core/Src/state_machine.c.obj
 .rodata._ctype_
                0x0800a744      0x101 C:/Users/AshwinKashyap/AppData/Local/stm32cube/bundles/gnu-tools-for-stm32/13.3.1+st.9/bin/../lib/gcc/arm-none-eabi/13.3.1/../../../../arm-none-eabi/lib/thumb/v6-m/nofp\libg_nano.a(libc_a-ctype_.o)
                0x0800a744                _ctype_
 .rodata._svfprintf_r.str1.1
                0x0800a845       0x33 C:/Users/AshwinKashyap/AppData/Local/stm32cube/bundles/gnu-tools-for-stm32/13.3.1+st.9/bin/../lib/gcc/arm-none-eabi/13.3.1/../../../../arm-none-eabi/lib/thumb/v6-m/nofp\libg_nano.a(libc_a-nano-svfprintf.o)
                                 0x11 (size before relaxing)
 .rodata._vfprintf_r.str1.1
                0x0800a878        0x0 C:/Users/AshwinKashyap/AppData/Local/stm32cube/bundles/gnu-tools-for-stm32/13.3.1+st.9/bin/../lib/gcc/arm-none-eabi/13.3.1/../../../../arm-none-eabi/lib/thumb/v6-m/nofp\libg_nano.a(libc_a-nano-vfprintf.o)
                                 0x11 (size before relaxing)
 .rodata._printf_i.str1.1
                0x0800a878        0x0 C:/Users/AshwinKashyap/AppData/Local/stm32cube/bundles/gnu-tools-for-stm32/13.3.1+st.9/bin/../lib/gcc/arm-none-eabi/13.3.1/../../../../arm-none-eabi/lib/thumb/v6-m/nofp\libg_nano.a(libc_a-nano-vfprintf_i.o)
                                 0x22 (size before relaxing)
                0x0800a878                        . = ALIGN (0x4)

.ARM.extab      0x0800a878        0x0
                0x0800a878                        . = ALIGN (0x4)
 *(.ARM.extab* .gnu.linkonce.armextab.*)
                0x0800a878                        . = ALIGN (0x4)

.ARM            0x0800a878        0x8
                0x0800a878                        . = ALIGN (0x4)
                0x0800a878                        __exidx_start = .
 *(.ARM.exidx*)
 .ARM.exidx     0x0800a878        0x8 C:/Users/AshwinKashyap/AppData/Local/stm32cube/bundles/gnu-tools-for-stm32/13.3.1+st.9/bin/../lib/gcc/arm-none-eabi/13.3.1/thumb/v6-m/nofp\libgcc.a(_udivmoddi4.o)
                0x0800a880                        __exidx_end = .
                0x0800a880                        . = ALIGN (0x4)

.preinit_array  0x0800a880        0x0
                0x0800a880                        . = ALIGN (0x4)
                0x0800a880                        PROVIDE (__preinit_array_start = .)
 *(.preinit_array*)
                0x0800a880                        PROVIDE (__preinit_array_end = .)
                0x0800a880                        . = ALIGN (0x4)

.init_array     0x0800a880        0x4
                0x0800a880                        . = ALIGN (0x4)
                0x0800a880                        PROVIDE (__init_array_start = .)
 *(SORT_BY_NAME(.init_array.*))
 *(.init_array*)
 .init_array    0x0800a880        0x4 C:/Users/AshwinKashyap/AppData/Local/stm32cube/bundles/gnu-tools-for-stm32/13.3.1+st.9/bin/../lib/gcc/arm-none-eabi/13.3.1/thumb/v6-m/nofp/crtbegin.o
                0x0800a884                        PROVIDE (__init_array_end = .)
                0x0800a884                        . = ALIGN (0x4)

.fini_array     0x0800a884        0x4
                0x0800a884                        . = ALIGN (0x4)
                [!provide]                        PROVIDE (__fini_array_start = .)
 *(SORT_BY_NAME(.fini_array.*))
 *(.fini_array*)
 .fini_array    0x0800a884        0x4 C:/Users/AshwinKashyap/AppData/Local/stm32cube/bundles/gnu-tools-for-stm32/13.3.1+st.9/bin/../lib/gcc/arm-none-eabi/13.3.1/thumb/v6-m/nofp/crtbegin.o
                [!provide]                        PROVIDE (__fini_array_end = .)
                0x0800a888                        . = ALIGN (0x4)
                0x0800a888                        _sidata = LOADADDR (.data)

.rel.dyn        0x0800a888        0x0
 .rel.iplt      0x0800a888        0x0 C:/Users/AshwinKashyap/AppData/Local/stm32cube/bundles/gnu-tools-for-stm32/13.3.1+st.9/bin/../lib/gcc/arm-none-eabi/13.3.1/thumb/v6-m/nofp/crtbegin.o

.data           0x20000000       0x84 load address 0x0800a888
                0x20000000                        . = ALIGN (0x4)
                0x20000000                        _sdata = .
 *(.data)
 *(.data*)
 .data.SystemCoreClock
                0x20000000        0x4 cmake/stm32cubemx/CMakeFiles/STM32_Drivers.dir/__/__/Core/Src/system_stm32l0xx.c.obj
                0x20000000                SystemCoreClock
 .data.uwTickPrio
                0x20000004        0x4 cmake/stm32cubemx/CMakeFiles/STM32_Drivers.dir/__/__/Drivers/STM32L0xx_HAL_Driver/Src/stm32l0xx_hal.c.obj
                0x20000004                uwTickPrio
 .data.uwTickFreq
                0x20000008        0x1 cmake/stm32cubemx/CMakeFiles/STM32_Drivers.dir/__/__/Drivers/STM32L0xx_HAL_Driver/Src/stm32l0xx_hal.c.obj
                0x20000008                uwTickFreq
 *fill*         0x20000009        0x1 
 .data.adc_ref_mv
                0x2000000a        0x2 CMakeFiles/EFuse_Lo_alt.dir/Core/Src/adc_event.c.obj
 .data.s_desired_cmd
                0x2000000c        0x1 CMakeFiles/EFuse_Lo_alt.dir/Core/Src/scheduler.c.obj
 *fill*         0x2000000d        0x3 
 .data.s_active_lim
                0x20000010       0x18 CMakeFiles/EFuse_Lo_alt.dir/Core/Src/scheduler.c.obj
 .data.__sglue  0x20000028        0xc C:/Users/AshwinKashyap/AppData/Local/stm32cube/bundles/gnu-tools-for-stm32/13.3.1+st.9/bin/../lib/gcc/arm-none-eabi/13.3.1/../../../../arm-none-eabi/lib/thumb/v6-m/nofp\libg_nano.a(libc_a-findfp.o)
                0x20000028                __sglue
 .data._impure_ptr
                0x20000034        0x4 C:/Users/AshwinKashyap/AppData/Local/stm32cube/bundles/gnu-tools-for-stm32/13.3.1+st.9/bin/../lib/gcc/arm-none-eabi/13.3.1/../../../../arm-none-eabi/lib/thumb/v6-m/nofp\libg_nano.a(libc_a-impure.o)
                0x20000034                _impure_ptr
 .data._impure_data
                0x20000038       0x4c C:/Users/AshwinKashyap/AppData/Local/stm32cube/bundles/gnu-tools-for-stm32/13.3.1+st.9/bin/../lib/gcc/arm-none-eabi/13.3.1/../../../../arm-none-eabi/lib/thumb/v6-m/nofp\libg_nano.a(libc_a-impure.o)
                0x20000038                _impure_data
 *(.RamFunc)
 *(.RamFunc*)
                0x20000084                        . = ALIGN (0x4)

.igot.plt       0x20000084        0x0 load address 0x0800a90c
 .igot.plt      0x20000084        0x0 C:/Users/AshwinKashyap/AppData/Local/stm32cube/bundles/gnu-tools-for-stm32/13.3.1+st.9/bin/../lib/gcc/arm-none-eabi/13.3.1/thumb/v6-m/nofp/crtbegin.o

.tdata          0x20000084        0x0 load address 0x0800a90c
 *(.tdata .tdata.* .gnu.linkonce.td.*)
                0x20000084                        . = ALIGN (0x4)
                0x20000084                        _edata = .
                [!provide]                        PROVIDE (__data_end = .)
                [!provide]                        PROVIDE (__tdata_end = .)
                [!provide]                        PROVIDE (__tdata_start = ADDR (.tdata))
                [!provide]                        PROVIDE (__tdata_size = (__tdata_end - __tdata_start))
                [!provide]                        PROVIDE (__data_start = ADDR (.data))
                [!provide]                        PROVIDE (__data_size = (__data_end - __data_start))
                [!provide]                        PROVIDE (__tdata_source = LOADADDR (.tdata))
                [!provide]                        PROVIDE (__tdata_source_end = (LOADADDR (.tdata) + SIZEOF (.tdata)))
                [!provide]                        PROVIDE (__tdata_source_size = (__tdata_source_end - __tdata_source))
                [!provide]                        PROVIDE (__data_source = LOADADDR (.data))
                [!provide]                        PROVIDE (__data_source_end = __tdata_source_end)
                [!provide]                        PROVIDE (__data_source_size = (__data_source_end - __data_source))

.tbss           0x20000084        0x0 load address 0x0800a90c
                0x20000084                        _sbss = .
                0x20000084                        __bss_start__ = _sbss
 *(.tbss .tbss.*)
                0x20000084                        . = ALIGN (0x4)
                [!provide]                        PROVIDE (__tbss_end = .)
                [!provide]                        PROVIDE (__tbss_start = ADDR (.tbss))
                [!provide]                        PROVIDE (__tbss_size = (__tbss_end - __tbss_start))
                [!provide]                        PROVIDE (__tbss_offset = (ADDR (.tbss) - ADDR (.tdata)))
                [!provide]                        PROVIDE (__tls_base = __tdata_start)
                [!provide]                        PROVIDE (__tls_end = __tbss_end)
                [!provide]                        PROVIDE (__tls_size = (__tls_end - __tls_base))
                [!provide]                        PROVIDE (__tls_align = MAX (ALIGNOF (.tdata), ALIGNOF (.tbss)))
                [!provide]                        PROVIDE (__tls_size_align = (((__tls_size + __tls_align) - 0x1) & ~ ((__tls_align - 0x1))))
                [!provide]                        PROVIDE (__arm32_tls_tcb_offset = MAX (0x8, __tls_align))
                [!provide]                        PROVIDE (__arm64_tls_tcb_offset = MAX (0x10, __tls_align))

.bss            0x20000084      0xbdc load address 0x0800a90c
 *(.bss)
 .bss           0x20000084       0x1c C:/Users/AshwinKashyap/AppData/Local/stm32cube/bundles/gnu-tools-for-stm32/13.3.1+st.9/bin/../lib/gcc/arm-none-eabi/13.3.1/thumb/v6-m/nofp/crtbegin.o
 *(.bss*)
 .bss.uwTick    0x200000a0        0x4 cmake/stm32cubemx/CMakeFiles/STM32_Drivers.dir/__/__/Drivers/STM32L0xx_HAL_Driver/Src/stm32l0xx_hal.c.obj
                0x200000a0                uwTick
 .bss.pFlash    0x200000a4       0x18 cmake/stm32cubemx/CMakeFiles/STM32_Drivers.dir/__/__/Drivers/STM32L0xx_HAL_Driver/Src/stm32l0xx_hal_flash.c.obj
                0x200000a4                pFlash
 .bss.hadc      0x200000bc       0x5c CMakeFiles/EFuse_Lo_alt.dir/Core/Src/main.c.obj
                0x200000bc                hadc
 .bss.hdac      0x20000118       0x14 CMakeFiles/EFuse_Lo_alt.dir/Core/Src/main.c.obj
                0x20000118                hdac
 .bss.hi2c1     0x2000012c       0x54 CMakeFiles/EFuse_Lo_alt.dir/Core/Src/main.c.obj
                0x2000012c                hi2c1
 .bss.htim2     0x20000180       0x40 CMakeFiles/EFuse_Lo_alt.dir/Core/Src/main.c.obj
                0x20000180                htim2
 .bss.huart1    0x200001c0       0x88 CMakeFiles/EFuse_Lo_alt.dir/Core/Src/main.c.obj
                0x200001c0                huart1
 .bss.huart2    0x20000248       0x88 CMakeFiles/EFuse_Lo_alt.dir/Core/Src/main.c.obj
                0x20000248                huart2
 .bss.__sbrk_heap_end
                0x200002d0        0x4 CMakeFiles/EFuse_Lo_alt.dir/Core/Src/sysmem.c.obj
 .bss.adc_data  0x200002d4       0x38 CMakeFiles/EFuse_Lo_alt.dir/Core/Src/adc_event.c.obj
                0x200002d4                adc_data
 .bss.voltage_mv
                0x2000030c        0x4 CMakeFiles/EFuse_Lo_alt.dir/Core/Src/adc_event.c.obj
                0x2000030c                voltage_mv
 .bss.adcEvent  0x20000310        0x1 CMakeFiles/EFuse_Lo_alt.dir/Core/Src/adc_event.c.obj
 .bss.s_cmd_mailbox
                0x20000311        0x1 CMakeFiles/EFuse_Lo_alt.dir/Core/Src/comm.c.obj
 .bss.s_prot_update_pending
                0x20000312        0x1 CMakeFiles/EFuse_Lo_alt.dir/Core/Src/comm.c.obj
 *fill*         0x20000313        0x1 
 .bss.s_prot_update_buf
                0x20000314       0x18 CMakeFiles/EFuse_Lo_alt.dir/Core/Src/comm.c.obj
 .bss.s_tx_buffer
                0x2000032c      0x100 CMakeFiles/EFuse_Lo_alt.dir/Core/Src/comm.c.obj
 .bss.s_tx_write
                0x2000042c        0x2 CMakeFiles/EFuse_Lo_alt.dir/Core/Src/comm.c.obj
 .bss.s_tx_read
                0x2000042e        0x2 CMakeFiles/EFuse_Lo_alt.dir/Core/Src/comm.c.obj
 .bss.s_tx_busy
                0x20000430        0x1 CMakeFiles/EFuse_Lo_alt.dir/Core/Src/comm.c.obj
 .bss.s_tx_pending
                0x20000431        0x1 CMakeFiles/EFuse_Lo_alt.dir/Core/Src/comm.c.obj
 .bss.s_rx_state
                0x20000432        0x1 CMakeFiles/EFuse_Lo_alt.dir/Core/Src/comm.c.obj
 .bss.s_rx_byte
                0x20000433        0x1 CMakeFiles/EFuse_Lo_alt.dir/Core/Src/comm.c.obj
 .bss.s_rx_type
                0x20000434        0x1 CMakeFiles/EFuse_Lo_alt.dir/Core/Src/comm.c.obj
 .bss.s_rx_len  0x20000435        0x1 CMakeFiles/EFuse_Lo_alt.dir/Core/Src/comm.c.obj
 .bss.s_rx_idx  0x20000436        0x1 CMakeFiles/EFuse_Lo_alt.dir/Core/Src/comm.c.obj
 *fill*         0x20000437        0x1 
 .bss.s_rx_payload
                0x20000438      0x100 CMakeFiles/EFuse_Lo_alt.dir/Core/Src/comm.c.obj
 .bss.s_crc_calc
                0x20000538        0x2 CMakeFiles/EFuse_Lo_alt.dir/Core/Src/comm.c.obj
 .bss.s_crc_recv
                0x2000053a        0x2 CMakeFiles/EFuse_Lo_alt.dir/Core/Src/comm.c.obj
 .bss.s_rx_pending
                0x2000053c        0x1 CMakeFiles/EFuse_Lo_alt.dir/Core/Src/comm.c.obj
 .bss.s_have_frame
                0x2000053d        0x1 CMakeFiles/EFuse_Lo_alt.dir/Core/Src/comm.c.obj
 .bss.s_q_type  0x2000053e        0x1 CMakeFiles/EFuse_Lo_alt.dir/Core/Src/comm.c.obj
 .bss.s_q_len   0x2000053f        0x1 CMakeFiles/EFuse_Lo_alt.dir/Core/Src/comm.c.obj
 .bss.s_q_payload
                0x20000540      0x100 CMakeFiles/EFuse_Lo_alt.dir/Core/Src/comm.c.obj
 .bss.s_dbgf_q  0x20000640      0x324 CMakeFiles/EFuse_Lo_alt.dir/Core/Src/comm.c.obj
 .bss.s_dbgf_w  0x20000964        0x1 CMakeFiles/EFuse_Lo_alt.dir/Core/Src/comm.c.obj
 .bss.s_dbgf_r  0x20000965        0x1 CMakeFiles/EFuse_Lo_alt.dir/Core/Src/comm.c.obj
 *fill*         0x20000966        0x2 
 .bss.s_dbgb_q  0x20000968       0x80 CMakeFiles/EFuse_Lo_alt.dir/Core/Src/comm.c.obj
 .bss.s_dbgb_w  0x200009e8        0x2 CMakeFiles/EFuse_Lo_alt.dir/Core/Src/comm.c.obj
 .bss.s_dbgb_r  0x200009ea        0x2 CMakeFiles/EFuse_Lo_alt.dir/Core/Src/comm.c.obj
 .bss.s_dbg_irq_count
                0x200009ec        0x4 CMakeFiles/EFuse_Lo_alt.dir/Core/Src/comm.c.obj
 .bss.s_test_enabled
                0x200009f0        0x1 CMakeFiles/EFuse_Lo_alt.dir/Core/Src/comm.c.obj
 *fill*         0x200009f1        0x3 
 .bss.dac_out   0x200009f4        0x6 CMakeFiles/EFuse_Lo_alt.dir/Core/Src/dac_event.c.obj
                0x200009f4                dac_out
 .bss.g_command_ready_flag
                0x200009fa        0x1 CMakeFiles/EFuse_Lo_alt.dir/Core/Src/eeprom.c.obj
 *fill*         0x200009fb        0x1 
 .bss.g_command_line_buffer
                0x200009fc       0xa0 CMakeFiles/EFuse_Lo_alt.dir/Core/Src/eeprom.c.obj
 .bss.s_sched_events
                0x20000a9c       0x54 CMakeFiles/EFuse_Lo_alt.dir/Core/Src/scheduler.c.obj
 .bss.s_sched_event_count
                0x20000af0        0x4 CMakeFiles/EFuse_Lo_alt.dir/Core/Src/scheduler.c.obj
 .bss.s_efuse_on
                0x20000af4        0x1 CMakeFiles/EFuse_Lo_alt.dir/Core/Src/scheduler.c.obj
 *fill*         0x20000af5        0x3 
 .bss.s_last_adc_ms
                0x20000af8        0x4 CMakeFiles/EFuse_Lo_alt.dir/Core/Src/scheduler.c.obj
 .bss.s_switch  0x20000afc       0x10 CMakeFiles/EFuse_Lo_alt.dir/Core/Src/scheduler.c.obj
 .bss.s_efuse_state
                0x20000b0c        0x1 CMakeFiles/EFuse_Lo_alt.dir/Core/Src/scheduler.c.obj
 .bss.s_trip_flag
                0x20000b0d        0x1 CMakeFiles/EFuse_Lo_alt.dir/Core/Src/scheduler.c.obj
 .bss.g_desired_cmd
                0x20000b0e        0x1 CMakeFiles/EFuse_Lo_alt.dir/Core/Src/state_machine.c.obj
 .bss.g_trip_flag
                0x20000b0f        0x1 CMakeFiles/EFuse_Lo_alt.dir/Core/Src/state_machine.c.obj
 .bss.current_fault_group
                0x20000b10        0x1 CMakeFiles/EFuse_Lo_alt.dir/Core/Src/state_machine.c.obj
 .bss.current_fault_code
                0x20000b11        0x1 CMakeFiles/EFuse_Lo_alt.dir/Core/Src/state_machine.c.obj
 *fill*         0x20000b12        0x2 
 .bss.__sf      0x20000b14      0x138 C:/Users/AshwinKashyap/AppData/Local/stm32cube/bundles/gnu-tools-for-stm32/13.3.1+st.9/bin/../lib/gcc/arm-none-eabi/13.3.1/../../../../arm-none-eabi/lib/thumb/v6-m/nofp\libg_nano.a(libc_a-findfp.o)
                0x20000b14                __sf
 .bss.__stdio_exit_handler
                0x20000c4c        0x4 C:/Users/AshwinKashyap/AppData/Local/stm32cube/bundles/gnu-tools-for-stm32/13.3.1+st.9/bin/../lib/gcc/arm-none-eabi/13.3.1/../../../../arm-none-eabi/lib/thumb/v6-m/nofp\libg_nano.a(libc_a-findfp.o)
                0x20000c4c                __stdio_exit_handler
 .bss.errno     0x20000c50        0x4 C:/Users/AshwinKashyap/AppData/Local/stm32cube/bundles/gnu-tools-for-stm32/13.3.1+st.9/bin/../lib/gcc/arm-none-eabi/13.3.1/../../../../arm-none-eabi/lib/thumb/v6-m/nofp\libg_nano.a(libc_a-reent.o)
                0x20000c50                errno
 .bss.__lock___malloc_recursive_mutex
                0x20000c54        0x1 C:/Users/AshwinKashyap/AppData/Local/stm32cube/bundles/gnu-tools-for-stm32/13.3.1+st.9/bin/../lib/gcc/arm-none-eabi/13.3.1/../../../../arm-none-eabi/lib/thumb/v6-m/nofp\libg_nano.a(libc_a-lock.o)
                0x20000c54                __lock___malloc_recursive_mutex
 .bss.__lock___sfp_recursive_mutex
                0x20000c55        0x1 C:/Users/AshwinKashyap/AppData/Local/stm32cube/bundles/gnu-tools-for-stm32/13.3.1+st.9/bin/../lib/gcc/arm-none-eabi/13.3.1/../../../../arm-none-eabi/lib/thumb/v6-m/nofp\libg_nano.a(libc_a-lock.o)
                0x20000c55                __lock___sfp_recursive_mutex
 *fill*         0x20000c56        0x2 
 .bss.__malloc_sbrk_start
                0x20000c58        0x4 C:/Users/AshwinKashyap/AppData/Local/stm32cube/bundles/gnu-tools-for-stm32/13.3.1+st.9/bin/../lib/gcc/arm-none-eabi/13.3.1/../../../../arm-none-eabi/lib/thumb/v6-m/nofp\libg_nano.a(libc_a-mallocr.o)
                0x20000c58                __malloc_sbrk_start
 .bss.__malloc_free_list
                0x20000c5c        0x4 C:/Users/AshwinKashyap/AppData/Local/stm32cube/bundles/gnu-tools-for-stm32/13.3.1+st.9/bin/../lib/gcc/arm-none-eabi/13.3.1/../../../../arm-none-eabi/lib/thumb/v6-m/nofp\libg_nano.a(libc_a-mallocr.o)
                0x20000c5c                __malloc_free_list
 *(COMMON)
                0x20000c60                        . = ALIGN (0x4)
                0x20000c60                        _ebss = .
                0x20000c60                        __bss_end__ = _ebss
                [!provide]                        PROVIDE (__bss_end = .)
                [!provide]                        PROVIDE (__non_tls_bss_start = ADDR (.bss))
                [!provide]                        PROVIDE (__bss_start = __tbss_start)
                [!provide]                        PROVIDE (__bss_size = (__bss_end - __bss_start))

._user_heap_stack
                0x20000c60      0x600 load address 0x0800a90c
                0x20000c60                        . = ALIGN (0x8)
                [!provide]                        PROVIDE (end = .)
                0x20000c60                        PROVIDE (_end = .)
                0x20000e60                        . = (. + _Min_Heap_Size)
 *fill*         0x20000c60      0x200 
                0x20001260                        . = (. + _Min_Stack_Size)
 *fill*         0x20000e60      0x400 
                0x20001260                        . = ALIGN (0x8)

/DISCARD/
 libc.a:*(*)
 libm.a:*(*)
 libgcc.a:*(*)
OUTPUT(EFuse_Lo_alt.elf elf32-littlearm)
LOAD linker stubs

.ARM.attributes
                0x00000000       0x28
 .ARM.attributes
                0x00000000       0x1e C:/Users/AshwinKashyap/AppData/Local/stm32cube/bundles/gnu-tools-for-stm32/13.3.1+st.9/bin/../lib/gcc/arm-none-eabi/13.3.1/thumb/v6-m/nofp/crti.o
 .ARM.attributes
                0x0000001e       0x2c C:/Users/AshwinKashyap/AppData/Local/stm32cube/bundles/gnu-tools-for-stm32/13.3.1+st.9/bin/../lib/gcc/arm-none-eabi/13.3.1/thumb/v6-m/nofp/crtbegin.o
 .ARM.attributes
                0x0000004a       0x2c cmake/stm32cubemx/CMakeFiles/STM32_Drivers.dir/__/__/Core/Src/system_stm32l0xx.c.obj
 .ARM.attributes
                0x00000076       0x2c cmake/stm32cubemx/CMakeFiles/STM32_Drivers.dir/__/__/Drivers/STM32L0xx_HAL_Driver/Src/stm32l0xx_hal_adc.c.obj
 .ARM.attributes
                0x000000a2       0x2c cmake/stm32cubemx/CMakeFiles/STM32_Drivers.dir/__/__/Drivers/STM32L0xx_HAL_Driver/Src/stm32l0xx_hal_adc_ex.c.obj
 .ARM.attributes
                0x000000ce       0x2c cmake/stm32cubemx/CMakeFiles/STM32_Drivers.dir/__/__/Drivers/STM32L0xx_HAL_Driver/Src/stm32l0xx_hal.c.obj
 .ARM.attributes
                0x000000fa       0x2c cmake/stm32cubemx/CMakeFiles/STM32_Drivers.dir/__/__/Drivers/STM32L0xx_HAL_Driver/Src/stm32l0xx_hal_i2c.c.obj
 .ARM.attributes
                0x00000126       0x2c cmake/stm32cubemx/CMakeFiles/STM32_Drivers.dir/__/__/Drivers/STM32L0xx_HAL_Driver/Src/stm32l0xx_hal_i2c_ex.c.obj
 .ARM.attributes
                0x00000152       0x2c cmake/stm32cubemx/CMakeFiles/STM32_Drivers.dir/__/__/Drivers/STM32L0xx_HAL_Driver/Src/stm32l0xx_hal_rcc.c.obj
 .ARM.attributes
                0x0000017e       0x2c cmake/stm32cubemx/CMakeFiles/STM32_Drivers.dir/__/__/Drivers/STM32L0xx_HAL_Driver/Src/stm32l0xx_hal_rcc_ex.c.obj
 .ARM.attributes
                0x000001aa       0x2c cmake/stm32cubemx/CMakeFiles/STM32_Drivers.dir/__/__/Drivers/STM32L0xx_HAL_Driver/Src/stm32l0xx_hal_flash.c.obj
 .ARM.attributes
                0x000001d6       0x2c cmake/stm32cubemx/CMakeFiles/STM32_Drivers.dir/__/__/Drivers/STM32L0xx_HAL_Driver/Src/stm32l0xx_hal_flash_ex.c.obj
 .ARM.attributes
                0x00000202       0x2c cmake/stm32cubemx/CMakeFiles/STM32_Drivers.dir/__/__/Drivers/STM32L0xx_HAL_Driver/Src/stm32l0xx_hal_gpio.c.obj
 .ARM.attributes
                0x0000022e       0x2c cmake/stm32cubemx/CMakeFiles/STM32_Drivers.dir/__/__/Drivers/STM32L0xx_HAL_Driver/Src/stm32l0xx_hal_dma.c.obj
 .ARM.attributes
                0x0000025a       0x2c cmake/stm32cubemx/CMakeFiles/STM32_Drivers.dir/__/__/Drivers/STM32L0xx_HAL_Driver/Src/stm32l0xx_hal_cortex.c.obj
 .ARM.attributes
                0x00000286       0x2c cmake/stm32cubemx/CMakeFiles/STM32_Drivers.dir/__/__/Drivers/STM32L0xx_HAL_Driver/Src/stm32l0xx_hal_dac.c.obj
 .ARM.attributes
                0x000002b2       0x2c cmake/stm32cubemx/CMakeFiles/STM32_Drivers.dir/__/__/Drivers/STM32L0xx_HAL_Driver/Src/stm32l0xx_hal_dac_ex.c.obj
 .ARM.attributes
                0x000002de       0x2c cmake/stm32cubemx/CMakeFiles/STM32_Drivers.dir/__/__/Drivers/STM32L0xx_HAL_Driver/Src/stm32l0xx_hal_tim.c.obj
 .ARM.attributes
                0x0000030a       0x2c cmake/stm32cubemx/CMakeFiles/STM32_Drivers.dir/__/__/Drivers/STM32L0xx_HAL_Driver/Src/stm32l0xx_hal_tim_ex.c.obj
 .ARM.attributes
                0x00000336       0x2c cmake/stm32cubemx/CMakeFiles/STM32_Drivers.dir/__/__/Drivers/STM32L0xx_HAL_Driver/Src/stm32l0xx_hal_uart.c.obj
 .ARM.attributes
                0x00000362       0x2c cmake/stm32cubemx/CMakeFiles/STM32_Drivers.dir/__/__/Drivers/STM32L0xx_HAL_Driver/Src/stm32l0xx_hal_uart_ex.c.obj
 .ARM.attributes
                0x0000038e       0x2c CMakeFiles/EFuse_Lo_alt.dir/Core/Src/main.c.obj
 .ARM.attributes
                0x000003ba       0x2c CMakeFiles/EFuse_Lo_alt.dir/Core/Src/stm32l0xx_it.c.obj
 .ARM.attributes
                0x000003e6       0x2c CMakeFiles/EFuse_Lo_alt.dir/Core/Src/stm32l0xx_hal_msp.c.obj
 .ARM.attributes
                0x00000412       0x2c CMakeFiles/EFuse_Lo_alt.dir/Core/Src/sysmem.c.obj
 .ARM.attributes
                0x0000043e       0x2c CMakeFiles/EFuse_Lo_alt.dir/Core/Src/syscalls.c.obj
 .ARM.attributes
                0x0000046a       0x22 CMakeFiles/EFuse_Lo_alt.dir/startup_stm32l073xx.s.obj
 .ARM.attributes
                0x0000048c       0x2c CMakeFiles/EFuse_Lo_alt.dir/Core/Src/adc_event.c.obj
 .ARM.attributes
                0x000004b8       0x2c CMakeFiles/EFuse_Lo_alt.dir/Core/Src/comm.c.obj
 .ARM.attributes
                0x000004e4       0x2c CMakeFiles/EFuse_Lo_alt.dir/Core/Src/dac_event.c.obj
 .ARM.attributes
                0x00000510       0x2c CMakeFiles/EFuse_Lo_alt.dir/Core/Src/debouncing.c.obj
 .ARM.attributes
                0x0000053c       0x2c CMakeFiles/EFuse_Lo_alt.dir/Core/Src/eeprom.c.obj
 .ARM.attributes
                0x00000568       0x2c CMakeFiles/EFuse_Lo_alt.dir/Core/Src/scheduler.c.obj
 .ARM.attributes
                0x00000594       0x2c CMakeFiles/EFuse_Lo_alt.dir/Core/Src/state_machine.c.obj
 .ARM.attributes
                0x000005c0       0x1e C:/Users/AshwinKashyap/AppData/Local/stm32cube/bundles/gnu-tools-for-stm32/13.3.1+st.9/bin/../lib/gcc/arm-none-eabi/13.3.1/thumb/v6-m/nofp\libgcc.a(_udivsi3.o)
 .ARM.attributes
                0x000005de       0x1e C:/Users/AshwinKashyap/AppData/Local/stm32cube/bundles/gnu-tools-for-stm32/13.3.1+st.9/bin/../lib/gcc/arm-none-eabi/13.3.1/thumb/v6-m/nofp\libgcc.a(_divsi3.o)
 .ARM.attributes
                0x000005fc       0x1e C:/Users/AshwinKashyap/AppData/Local/stm32cube/bundles/gnu-tools-for-stm32/13.3.1+st.9/bin/../lib/gcc/arm-none-eabi/13.3.1/thumb/v6-m/nofp\libgcc.a(_dvmd_tls.o)
 .ARM.attributes
                0x0000061a       0x1e C:/Users/AshwinKashyap/AppData/Local/stm32cube/bundles/gnu-tools-for-stm32/13.3.1+st.9/bin/../lib/gcc/arm-none-eabi/13.3.1/thumb/v6-m/nofp\libgcc.a(_aeabi_uldivmod.o)
 .ARM.attributes
                0x00000638       0x2c C:/Users/AshwinKashyap/AppData/Local/stm32cube/bundles/gnu-tools-for-stm32/13.3.1+st.9/bin/../lib/gcc/arm-none-eabi/13.3.1/thumb/v6-m/nofp\libgcc.a(_fixunssfsi.o)
 .ARM.attributes
                0x00000664       0x2c C:/Users/AshwinKashyap/AppData/Local/stm32cube/bundles/gnu-tools-for-stm32/13.3.1+st.9/bin/../lib/gcc/arm-none-eabi/13.3.1/thumb/v6-m/nofp\libgcc.a(_udivmoddi4.o)
 .ARM.attributes
                0x00000690       0x2c C:/Users/AshwinKashyap/AppData/Local/stm32cube/bundles/gnu-tools-for-stm32/13.3.1+st.9/bin/../lib/gcc/arm-none-eabi/13.3.1/thumb/v6-m/nofp\libgcc.a(subsf3.o)
 .ARM.attributes
                0x000006bc       0x2c C:/Users/AshwinKashyap/AppData/Local/stm32cube/bundles/gnu-tools-for-stm32/13.3.1+st.9/bin/../lib/gcc/arm-none-eabi/13.3.1/thumb/v6-m/nofp\libgcc.a(fixsfsi.o)
 .ARM.attributes
                0x000006e8       0x2c C:/Users/AshwinKashyap/AppData/Local/stm32cube/bundles/gnu-tools-for-stm32/13.3.1+st.9/bin/../lib/gcc/arm-none-eabi/13.3.1/thumb/v6-m/nofp\libgcc.a(floatsisf.o)
 .ARM.attributes
                0x00000714       0x2c C:/Users/AshwinKashyap/AppData/Local/stm32cube/bundles/gnu-tools-for-stm32/13.3.1+st.9/bin/../lib/gcc/arm-none-eabi/13.3.1/thumb/v6-m/nofp\libgcc.a(floatunsisf.o)
 .ARM.attributes
                0x00000740       0x1e C:/Users/AshwinKashyap/AppData/Local/stm32cube/bundles/gnu-tools-for-stm32/13.3.1+st.9/bin/../lib/gcc/arm-none-eabi/13.3.1/thumb/v6-m/nofp\libgcc.a(_arm_cmpsf2.o)
 .ARM.attributes
                0x0000075e       0x1e C:/Users/AshwinKashyap/AppData/Local/stm32cube/bundles/gnu-tools-for-stm32/13.3.1+st.9/bin/../lib/gcc/arm-none-eabi/13.3.1/thumb/v6-m/nofp\libgcc.a(_clzsi2.o)
 .ARM.attributes
                0x0000077c       0x1e C:/Users/AshwinKashyap/AppData/Local/stm32cube/bundles/gnu-tools-for-stm32/13.3.1+st.9/bin/../lib/gcc/arm-none-eabi/13.3.1/thumb/v6-m/nofp\libgcc.a(_clzdi2.o)
 .ARM.attributes
                0x0000079a       0x2c C:/Users/AshwinKashyap/AppData/Local/stm32cube/bundles/gnu-tools-for-stm32/13.3.1+st.9/bin/../lib/gcc/arm-none-eabi/13.3.1/thumb/v6-m/nofp\libgcc.a(eqsf2.o)